Component: ARM Compiler 5.06 update 7 (build 960) Tool: armlink [4d3601]

==============================================================================

Section Cross References

    startup_stm32h743xx.o(STACK) refers (Special) to heapauxi.o(.text) for __use_two_region_memory
    startup_stm32h743xx.o(HEAP) refers (Special) to heapauxi.o(.text) for __use_two_region_memory
    startup_stm32h743xx.o(RESET) refers (Special) to heapauxi.o(.text) for __use_two_region_memory
    startup_stm32h743xx.o(RESET) refers to startup_stm32h743xx.o(STACK) for __initial_sp
    startup_stm32h743xx.o(RESET) refers to startup_stm32h743xx.o(.text) for Reset_Handler
    startup_stm32h743xx.o(RESET) refers to stm32h7xx_it.o(i.NMI_Handler) for NMI_Handler
    startup_stm32h743xx.o(RESET) refers to stm32h7xx_it.o(i.HardFault_Handler) for HardFault_Handler
    startup_stm32h743xx.o(RESET) refers to stm32h7xx_it.o(i.MemManage_Handler) for MemManage_Handler
    startup_stm32h743xx.o(RESET) refers to stm32h7xx_it.o(i.BusFault_Handler) for BusFault_Handler
    startup_stm32h743xx.o(RESET) refers to stm32h7xx_it.o(i.UsageFault_Handler) for UsageFault_Handler
    startup_stm32h743xx.o(RESET) refers to stm32h7xx_it.o(i.SVC_Handler) for SVC_Handler
    startup_stm32h743xx.o(RESET) refers to stm32h7xx_it.o(i.DebugMon_Handler) for DebugMon_Handler
    startup_stm32h743xx.o(RESET) refers to stm32h7xx_it.o(i.PendSV_Handler) for PendSV_Handler
    startup_stm32h743xx.o(RESET) refers to stm32h7xx_it.o(i.SysTick_Handler) for SysTick_Handler
    startup_stm32h743xx.o(.text) refers (Special) to heapauxi.o(.text) for __use_two_region_memory
    startup_stm32h743xx.o(.text) refers to system_stm32h7xx.o(i.ExitRun0Mode) for ExitRun0Mode
    startup_stm32h743xx.o(.text) refers to system_stm32h7xx.o(i.SystemInit) for SystemInit
    startup_stm32h743xx.o(.text) refers to __main.o(!!!main) for __main
    startup_stm32h743xx.o(.text) refers to startup_stm32h743xx.o(HEAP) for Heap_Mem
    startup_stm32h743xx.o(.text) refers to startup_stm32h743xx.o(STACK) for Stack_Mem
    main.o(i.Boot_ApplyPendingSwitch) refers to main.o(i.Boot_IsSlotBootable) for Boot_IsSlotBootable
    main.o(i.Boot_ApplyPendingSwitch) refers to uart_if.o(i.UartIf_SendString) for UartIf_SendString
    main.o(i.Boot_ApplyPendingSwitch) refers to main.o(i.Boot_GetSlotName) for Boot_GetSlotName
    main.o(i.Boot_ApplyPendingSwitch) refers to ota_metadata.o(i.OtaMetadata_Save) for OtaMetadata_Save
    main.o(i.Boot_EnterRecoveryMode) refers to uart_if.o(i.UartIf_SendString) for UartIf_SendString
    main.o(i.Boot_EnterRecoveryMode) refers to ota_protocol.o(i.OtaProtocol_RunSession) for OtaProtocol_RunSession
    main.o(i.Boot_EnterRecoveryMode) refers to stm32h7xx_hal_gpio.o(i.HAL_GPIO_TogglePin) for HAL_GPIO_TogglePin
    main.o(i.Boot_EnterRecoveryMode) refers to stm32h7xx_hal.o(i.HAL_Delay) for HAL_Delay
    main.o(i.Boot_EnterRecoveryMode) refers to main.o(i.__NVIC_SystemReset) for __NVIC_SystemReset
    main.o(i.Boot_InitMetadataDefaults) refers to ota_metadata.o(i.OtaMetadata_CreateDefault) for OtaMetadata_CreateDefault
    main.o(i.Boot_InitMetadataDefaults) refers to flash_if.o(i.FlashIf_IsApplicationValid) for FlashIf_IsApplicationValid
    main.o(i.Boot_InitMetadataDefaults) refers to ota_metadata.o(i.OtaMetadata_UpdateSlotInfo) for OtaMetadata_UpdateSlotInfo
    main.o(i.Boot_InitMetadataDefaults) refers to uart_if.o(i.UartIf_SendString) for UartIf_SendString
    main.o(i.Boot_InitMetadataDefaults) refers to main.o(i.Boot_GetSlotName) for Boot_GetSlotName
    main.o(i.Boot_InitMetadataDefaults) refers to main.o(i.Boot_LogHexValue) for Boot_LogHexValue
    main.o(i.Boot_InitMetadataDefaults) refers to ota_metadata.o(i.OtaMetadata_Save) for OtaMetadata_Save
    main.o(i.Boot_IsSlotBootable) refers to ota_metadata.o(i.OtaMetadata_IsSlotMarkedValid) for OtaMetadata_IsSlotMarkedValid
    main.o(i.Boot_IsSlotBootable) refers to flash_if.o(i.FlashIf_GetSlotAddress) for FlashIf_GetSlotAddress
    main.o(i.Boot_IsSlotBootable) refers to flash_if.o(i.FlashIf_GetSlotSize) for FlashIf_GetSlotSize
    main.o(i.Boot_IsSlotBootable) refers to flash_if.o(i.FlashIf_IsApplicationValid) for FlashIf_IsApplicationValid
    main.o(i.Boot_LogHexValue) refers to _printf_pad.o(.text) for _printf_pre_padding
    main.o(i.Boot_LogHexValue) refers to _printf_percent.o(.ARM.Collect$$_printf_percent$$00000000) for _printf_percent
    main.o(i.Boot_LogHexValue) refers to _printf_x.o(.ARM.Collect$$_printf_percent$$0000000C) for _printf_x
    main.o(i.Boot_LogHexValue) refers to _printf_s.o(.ARM.Collect$$_printf_percent$$00000014) for _printf_s
    main.o(i.Boot_LogHexValue) refers to _printf_hex_int.o(.text) for _printf_longlong_hex
    main.o(i.Boot_LogHexValue) refers to _printf_str.o(.text) for _printf_str
    main.o(i.Boot_LogHexValue) refers to noretval__2snprintf.o(.text) for __2snprintf
    main.o(i.Boot_LogHexValue) refers to uart_if.o(i.UartIf_SendString) for UartIf_SendString
[...]
    .text                                    0x08000558   Section        0  _printf_dec.o(.text)
    .text                                    0x080005d0   Section        0  _printf_hex_int.o(.text)
    .text                                    0x08000628   Section        0  __printf_flags_ss_wp.o(.text)
    .text                                    0x080007b0   Section        0  strlen.o(.text)
    .text                                    0x080007ee   Section      138  rt_memcpy_v6.o(.text)
    .text                                    0x08000878   Section      100  rt_memcpy_w.o(.text)
    .text                                    0x080008dc   Section       16  aeabi_memset.o(.text)
    .text                                    0x080008ec   Section       78  rt_memclr_w.o(.text)
    .text                                    0x0800093a   Section        0  heapauxi.o(.text)
    .text                                    0x08000940   Section        0  _printf_intcommon.o(.text)
    .text                                    0x080009f4   Section        0  _printf_char_common.o(.text)
    _printf_input_char                       0x080009f5   Thumb Code    10  _printf_char_common.o(.text)
    .text                                    0x08000a24   Section        0  _sputc.o(.text)
    .text                                    0x08000a2e   Section        0  _snputc.o(.text)
    .text                                    0x08000a3e   Section        0  _printf_char.o(.text)
    .text                                    0x08000a6a   Section       68  rt_memclr.o(.text)
    .text                                    0x08000aae   Section       74  sys_stackheap_outer.o(.text)
    .text                                    0x08000af8   Section        0  exit.o(.text)
    .text                                    0x08000b0c   Section        8  libspace.o(.text)
    .text                                    0x08000b14   Section        0  sys_exit.o(.text)
    .text                                    0x08000b20   Section        2  use_no_semi.o(.text)
    .text                                    0x08000b22   Section        0  indicate_semi.o(.text)
    i.Boot_ApplyPendingSwitch                0x08000b24   Section        0  main.o(i.Boot_ApplyPendingSwitch)
    Boot_ApplyPendingSwitch                  0x08000b25   Thumb Code    72  main.o(i.Boot_ApplyPendingSwitch)
    i.Boot_EnterRecoveryMode                 0x08000bb4   Section        0  main.o(i.Boot_EnterRecoveryMode)
    Boot_EnterRecoveryMode                   0x08000bb5   Thumb Code    68  main.o(i.Boot_EnterRecoveryMode)
    i.Boot_GetSlotName                       0x08000c58   Section        0  main.o(i.Boot_GetSlotName)
    Boot_GetSlotName                         0x08000c59   Thumb Code    20  main.o(i.Boot_GetSlotName)
    i.Boot_InitMetadataDefaults              0x08000c84   Section        0  main.o(i.Boot_InitMetadataDefaults)
    Boot_InitMetadataDefaults                0x08000c85   Thumb Code   156  main.o(i.Boot_InitMetadataDefaults)
    i.Boot_IsSlotBootable                    0x08000dec   Section        0  main.o(i.Boot_IsSlotBootable)
    Boot_IsSlotBootable                      0x08000ded   Thumb Code    46  main.o(i.Boot_IsSlotBootable)
    i.Boot_LogHexValue                       0x08000e1c   Section        0  main.o(i.Boot_LogHexValue)
    Boot_LogHexValue                         0x08000e1d   Thumb Code    28  main.o(i.Boot_LogHexValue)
    i.Boot_LogImageSummary                   0x08000e44   Section        0  main.o(i.Boot_LogImageSummary)
    Boot_LogImageSummary                     0x08000e45   Thumb Code    22  main.o(i.Boot_LogImageSummary)
    i.Boot_LogMetadataState                  0x08000e5c   Section        0  main.o(i.Boot_LogMetadataState)
    Boot_LogMetadataState                    0x08000e5d   Thumb Code   100  main.o(i.Boot_LogMetadataState)
    i.Boot_LogSlotState                      0x08000eec   Section        0  main.o(i.Boot_LogSlotState)
    Boot_LogSlotState                        0x08000eed   Thumb Code    90  main.o(i.Boot_LogSlotState)
    i.Boot_SanitizeMetadata                  0x08000f4c   Section        0  main.o(i.Boot_SanitizeMetadata)
    Boot_SanitizeMetadata                    0x08000f4d   Thumb Code   134  main.o(i.Boot_SanitizeMetadata)
    i.Boot_SelectTargetSlot                  0x08000fd8   Section        0  main.o(i.Boot_SelectTargetSlot)
    Boot_SelectTargetSlot                    0x08000fd9   Thumb Code   144  main.o(i.Boot_SelectTargetSlot)
    i.BusFault_Handler                       0x0800114c   Section        0  stm32h7xx_it.o(i.BusFault_Handler)
    i.DebugMon_Handler                       0x08001160   Section        0  stm32h7xx_it.o(i.DebugMon_Handler)
    i.Error_Handler                          0x08001162   Section        0  main.o(i.Error_Handler)
    i.ExitRun0Mode                           0x08001168   Section        0  system_stm32h7xx.o(i.ExitRun0Mode)
    i.FLASH_Erase_Sector                     0x08001184   Section        0  stm32h7xx_hal_flash_ex.o(i.FLASH_Erase_Sector)
    i.FLASH_MassErase                        0x080011c4   Section        0  stm32h7xx_hal_flash_ex.o(i.FLASH_MassErase)
    FLASH_MassErase                          0x080011c5   Thumb Code   120  stm32h7xx_hal_flash_ex.o(i.FLASH_MassErase)
    i.FLASH_WaitForLastOperation             0x08001240   Section        0  stm32h7xx_hal_flash.o(i.FLASH_WaitForLastOperation)
    i.Fault_LogRegisters                     0x0800130c   Section        0  stm32h7xx_it.o(i.Fault_LogRegisters)
    Fault_LogRegisters                       0x0800130d   Thumb Code    70  stm32h7xx_it.o(i.Fault_LogRegisters)
    i.FlashIf_CalculateCrc32                 0x08001360   Section        0  flash_if.o(i.FlashIf_CalculateCrc32)
    i.FlashIf_CalculateFlashCrc32            0x08001398   Section        0  flash_if.o(i.FlashIf_CalculateFlashCrc32)
    i.FlashIf_EraseMetadata                  0x0800139c   Section        0  flash_if.o(i.FlashIf_EraseMetadata)
    i.FlashIf_EraseSectors                   0x080013dc   Section        0  flash_if.o(i.FlashIf_EraseSectors)
    FlashIf_EraseSectors                     0x080013dd   Thumb Code    92  flash_if.o(i.FlashIf_EraseSectors)
    i.FlashIf_EraseSlot                      0x08001480   Section        0  flash_if.o(i.FlashIf_EraseSlot)
    i.FlashIf_GetSlotAddress                 0x0800152c   Section        0  flash_if.o(i.FlashIf_GetSlotAddress)
    i.FlashIf_GetSlotSize                    0x08001548   Section        0  flash_if.o(i.FlashIf_GetSlotSize)
    i.FlashIf_IsApplicationValid             0x0800155c   Section        0  flash_if.o(i.FlashIf_IsApplicationValid)
    i.FlashIf_WriteBuffer                    0x080015a4   Section        0  flash_if.o(i.FlashIf_WriteBuffer)
    i.HAL_DeInit                             0x08001674   Section        0  stm32h7xx_hal.o(i.HAL_DeInit)
    i.HAL_Delay                              0x080016ec   Section        0  stm32h7xx_hal.o(i.HAL_Delay)
    i.HAL_FLASHEx_Erase                      0x08001710   Section        0  stm32h7xx_hal_flash_ex.o(i.HAL_FLASHEx_Erase)
    i.HAL_FLASH_Lock                         0x08001824   Section        0  stm32h7xx_hal_flash.o(i.HAL_FLASH_Lock)
    i.HAL_FLASH_Program                      0x08001854   Section        0  stm32h7xx_hal_flash.o(i.HAL_FLASH_Program)
    i.HAL_FLASH_Unlock                       0x08001914   Section        0  stm32h7xx_hal_flash.o(i.HAL_FLASH_Unlock)
    i.HAL_GPIO_DeInit                        0x08001958   Section        0  stm32h7xx_hal_gpio.o(i.HAL_GPIO_DeInit)
    i.HAL_GPIO_Init                          0x08001ac8   Section        0  stm32h7xx_hal_gpio.o(i.HAL_GPIO_Init)
    i.HAL_GPIO_TogglePin                     0x08001cf4   Section        0  stm32h7xx_hal_gpio.o(i.HAL_GPIO_TogglePin)
    i.HAL_GPIO_WritePin                      0x08001d04   Section        0  stm32h7xx_hal_gpio.o(i.HAL_GPIO_WritePin)
    i.HAL_GetREVID                           0x08001d10   Section        0  stm32h7xx_hal.o(i.HAL_GetREVID)
    i.HAL_GetTick                            0x08001d1c   Section        0  stm32h7xx_hal.o(i.HAL_GetTick)
    i.HAL_IncTick                            0x08001d28   Section        0  stm32h7xx_hal.o(i.HAL_IncTick)
    i.HAL_Init                               0x08001d38   Section        0  stm32h7xx_hal.o(i.HAL_Init)
    i.HAL_InitTick                           0x08001d94   Section        0  stm32h7xx_hal.o(i.HAL_InitTick)
    i.HAL_MPU_ConfigRegion                   0x08001dd4   Section        0  stm32h7xx_hal_cortex.o(i.HAL_MPU_ConfigRegion)
    i.HAL_MPU_Disable                        0x08001e30   Section        0  stm32h7xx_hal_cortex.o(i.HAL_MPU_Disable)
    i.HAL_MPU_Enable                         0x08001e4c   Section        0  stm32h7xx_hal_cortex.o(i.HAL_MPU_Enable)
    i.HAL_MspDeInit                          0x08001e70   Section        0  stm32h7xx_hal.o(i.HAL_MspDeInit)
    i.HAL_MspInit                            0x08001e74   Section        0  stm32h7xx_hal_msp.o(i.HAL_MspInit)
    i.HAL_NVIC_SetPriority                   0x08001e90   Section        0  stm32h7xx_hal_cortex.o(i.HAL_NVIC_SetPriority)
    i.HAL_NVIC_SetPriorityGrouping           0x08001ed0   Section        0  stm32h7xx_hal_cortex.o(i.HAL_NVIC_SetPriorityGrouping)
    i.HAL_PWREx_ConfigSupply                 0x08001ef4   Section        0  stm32h7xx_hal_pwr_ex.o(i.HAL_PWREx_ConfigSupply)
    i.HAL_RCCEx_GetD3PCLK1Freq               0x08001f48   Section        0  stm32h7xx_hal_rcc_ex.o(i.HAL_RCCEx_GetD3PCLK1Freq)
    i.HAL_RCCEx_GetPLL2ClockFreq             0x08001f6c   Section        0  stm32h7xx_hal_rcc_ex.o(i.HAL_RCCEx_GetPLL2ClockFreq)
    i.HAL_RCCEx_GetPLL3ClockFreq             0x080020b0   Section        0  stm32h7xx_hal_rcc_ex.o(i.HAL_RCCEx_GetPLL3ClockFreq)
    i.HAL_RCCEx_PeriphCLKConfig              0x080021f4   Section        0  stm32h7xx_hal_rcc_ex.o(i.HAL_RCCEx_PeriphCLKConfig)
    i.HAL_RCC_ClockConfig                    0x08002ba0   Section        0  stm32h7xx_hal_rcc.o(i.HAL_RCC_ClockConfig)
    i.HAL_RCC_DeInit                         0x08002dfc   Section        0  stm32h7xx_hal_rcc.o(i.HAL_RCC_DeInit)
    i.HAL_RCC_GetHCLKFreq                    0x08002fec   Section        0  stm32h7xx_hal_rcc.o(i.HAL_RCC_GetHCLKFreq)
    i.HAL_RCC_GetPCLK1Freq                   0x08003030   Section        0  stm32h7xx_hal_rcc.o(i.HAL_RCC_GetPCLK1Freq)
    i.HAL_RCC_GetPCLK2Freq                   0x08003054   Section        0  stm32h7xx_hal_rcc.o(i.HAL_RCC_GetPCLK2Freq)
    i.HAL_RCC_GetSysClockFreq                0x08003078   Section        0  stm32h7xx_hal_rcc.o(i.HAL_RCC_GetSysClockFreq)
    i.HAL_RCC_OscConfig                      0x080031b0   Section        0  stm32h7xx_hal_rcc.o(i.HAL_RCC_OscConfig)
    i.HAL_SYSTICK_Config                     0x08003732   Section        0  stm32h7xx_hal_cortex.o(i.HAL_SYSTICK_Config)
    i.HAL_UARTEx_DisableFifoMode             0x08003758   Section        0  stm32h7xx_hal_uart_ex.o(i.HAL_UARTEx_DisableFifoMode)
    i.HAL_UARTEx_SetRxFifoThreshold          0x08003798   Section        0  stm32h7xx_hal_uart_ex.o(i.HAL_UARTEx_SetRxFifoThreshold)
    i.HAL_UARTEx_SetTxFifoThreshold          0x080037e4   Section        0  stm32h7xx_hal_uart_ex.o(i.HAL_UARTEx_SetTxFifoThreshold)
    i.HAL_UART_DeInit                        0x08003830   Section        0  stm32h7xx_hal_uart.o(i.HAL_UART_DeInit)
    i.HAL_UART_Init                          0x08003876   Section        0  stm32h7xx_hal_uart.o(i.HAL_UART_Init)
    i.HAL_UART_MspDeInit                     0x080038e0   Section        0  usart.o(i.HAL_UART_MspDeInit)
    i.HAL_UART_MspInit                       0x0800390c   Section        0  usart.o(i.HAL_UART_MspInit)
    i.HAL_UART_Receive                       0x08003994   Section        0  stm32h7xx_hal_uart.o(i.HAL_UART_Receive)
    i.HAL_UART_Transmit                      0x08003a7c   Section        0  stm32h7xx_hal_uart.o(i.HAL_UART_Transmit)
    i.HardFault_Handler                      0x08003b2c   Section        0  stm32h7xx_it.o(i.HardFault_Handler)
    i.MPU_Config                             0x08003b40   Section        0  main.o(i.MPU_Config)
    MPU_Config                               0x08003b41   Thumb Code   162  main.o(i.MPU_Config)
    i.MX_GPIO_Init                           0x08003be8   Section        0  gpio.o(i.MX_GPIO_Init)
    i.MX_USART3_UART_Init                    0x08003c90   Section        0  usart.o(i.MX_USART3_UART_Init)
    i.MemManage_Handler                      0x08003cf8   Section        0  stm32h7xx_it.o(i.MemManage_Handler)
    i.NMI_Handler                            0x08003d0c   Section        0  stm32h7xx_it.o(i.NMI_Handler)
    i.OtaMetadata_CalculateRecordCrc         0x08003d0e   Section        0  ota_metadata.o(i.OtaMetadata_CalculateRecordCrc)
    OtaMetadata_CalculateRecordCrc           0x08003d0f   Thumb Code     6  ota_metadata.o(i.OtaMetadata_CalculateRecordCrc)
    i.OtaMetadata_CreateDefault              0x08003d14   Section        0  ota_metadata.o(i.OtaMetadata_CreateDefault)
    i.OtaMetadata_IsSlotMarkedValid          0x08003d50   Section        0  ota_metadata.o(i.OtaMetadata_IsSlotMarkedValid)
    i.OtaMetadata_Load                       0x08003d68   Section        0  ota_metadata.o(i.OtaMetadata_Load)
    i.OtaMetadata_LogSaveState               0x08003e40   Section        0  ota_metadata.o(i.OtaMetadata_LogSaveState)
    OtaMetadata_LogSaveState                 0x08003e41   Thumb Code    52  ota_metadata.o(i.OtaMetadata_LogSaveState)
    i.OtaMetadata_Save                       0x08003e78   Section        0  ota_metadata.o(i.OtaMetadata_Save)
    i.OtaMetadata_SelectBootSlot             0x08003ef8   Section        0  ota_metadata.o(i.OtaMetadata_SelectBootSlot)
    i.OtaMetadata_UpdateSlotInfo             0x08003f14   Section        0  ota_metadata.o(i.OtaMetadata_UpdateSlotInfo)
    i.OtaProtocol_HandleData                 0x08003f38   Section        0  ota_protocol.o(i.OtaProtocol_HandleData)
    OtaProtocol_HandleData                   0x08003f39   Thumb Code   122  ota_protocol.o(i.OtaProtocol_HandleData)
    i.OtaProtocol_HandleFinish               0x08003fb4   Section        0  ota_protocol.o(i.OtaProtocol_HandleFinish)
    OtaProtocol_HandleFinish                 0x08003fb5   Thumb Code   202  ota_protocol.o(i.OtaProtocol_HandleFinish)
    i.OtaProtocol_HandleStart                0x080040c8   Section        0  ota_protocol.o(i.OtaProtocol_HandleStart)
    OtaProtocol_HandleStart                  0x080040c9   Thumb Code   236  ota_protocol.o(i.OtaProtocol_HandleStart)
    i.OtaProtocol_RunSession                 0x080041d0   Section        0  ota_protocol.o(i.OtaProtocol_RunSession)
    i.OtaProtocol_SendResponse               0x08004380   Section        0  ota_protocol.o(i.OtaProtocol_SendResponse)
    OtaProtocol_SendResponse                 0x08004381   Thumb Code    76  ota_protocol.o(i.OtaProtocol_SendResponse)
    i.PendSV_Handler                         0x080043d0   Section        0  stm32h7xx_it.o(i.PendSV_Handler)
    i.RCCEx_PLL2_Config                      0x080043d4   Section        0  stm32h7xx_hal_rcc_ex.o(i.RCCEx_PLL2_Config)
    RCCEx_PLL2_Config                        0x080043d5   Thumb Code   284  stm32h7xx_hal_rcc_ex.o(i.RCCEx_PLL2_Config)
    i.RCCEx_PLL3_Config                      0x080044f4   Section        0  stm32h7xx_hal_rcc_ex.o(i.RCCEx_PLL3_Config)
    RCCEx_PLL3_Config                        0x080044f5   Thumb Code   284  stm32h7xx_hal_rcc_ex.o(i.RCCEx_PLL3_Config)
    i.SVC_Handler                            0x08004614   Section        0  stm32h7xx_it.o(i.SVC_Handler)
    i.SysTick_Handler                        0x08004616   Section        0  stm32h7xx_it.o(i.SysTick_Handler)
    i.SystemClock_Config                     0x0800461c   Section        0  main.o(i.SystemClock_Config)
    i.SystemInit                             0x080046c4   Section        0  system_stm32h7xx.o(i.SystemInit)
    i.UARTEx_SetNbDataToProcess              0x080047bc   Section        0  stm32h7xx_hal_uart_ex.o(i.UARTEx_SetNbDataToProcess)
    UARTEx_SetNbDataToProcess                0x080047bd   Thumb Code    62  stm32h7xx_hal_uart_ex.o(i.UARTEx_SetNbDataToProcess)
    i.UART_AdvFeatureConfig                  0x08004800   Section        0  stm32h7xx_hal_uart.o(i.UART_AdvFeatureConfig)
    i.UART_CheckIdleState                    0x080048c8   Section        0  stm32h7xx_hal_uart.o(i.UART_CheckIdleState)
    i.UART_EndRxTransfer                     0x08004974   Section        0  stm32h7xx_hal_uart.o(i.UART_EndRxTransfer)
    UART_EndRxTransfer                       0x08004975   Thumb Code    78  stm32h7xx_hal_uart.o(i.UART_EndRxTransfer)
    i.UART_SetConfig                         0x080049c8   Section        0  stm32h7xx_hal_uart.o(i.UART_SetConfig)
    i.UART_WaitOnFlagUntilTimeout            0x08004d74   Section        0  stm32h7xx_hal_uart.o(i.UART_WaitOnFlagUntilTimeout)
    i.UartIf_ReceiveBuffer                   0x08004e08   Section        0  uart_if.o(i.UartIf_ReceiveBuffer)
    i.UartIf_SendBuffer                      0x08004e20   Section        0  uart_if.o(i.UartIf_SendBuffer)
    i.UartIf_SendString                      0x08004e3c   Section        0  uart_if.o(i.UartIf_SendString)
    i.UsageFault_Handler                     0x08004e58   Section        0  stm32h7xx_it.o(i.UsageFault_Handler)
    i.__NVIC_SetPriority                     0x08004e6c   Section        0  stm32h7xx_hal_cortex.o(i.__NVIC_SetPriority)
    __NVIC_SetPriority                       0x08004e6d   Thumb Code    34  stm32h7xx_hal_cortex.o(i.__NVIC_SetPriority)
    i.__NVIC_SystemReset                     0x08004e90   Section        0  main.o(i.__NVIC_SystemReset)
    __NVIC_SystemReset                       0x08004e91   Thumb Code    26  main.o(i.__NVIC_SystemReset)
    i._is_digit                              0x08004eb4   Section        0  __printf_wp.o(i._is_digit)
    i.main                                   0x08004ec4   Section        0  main.o(i.main)
    x$fpl$fpinit                             0x080051bc   Section       10  fpinit.o(x$fpl$fpinit)
    $v0                                      0x080051bc   Number         0  fpinit.o(x$fpl$fpinit)
    .constdata                               0x080051c6   Section       24  stm32h7xx_hal_uart.o(.constdata)
    .constdata                               0x080051de   Section       16  stm32h7xx_hal_uart_ex.o(.constdata)
    numerator                                0x080051de   Data           8  stm32h7xx_hal_uart_ex.o(.constdata)
    denominator                              0x080051e6   Data           8  stm32h7xx_hal_uart_ex.o(.constdata)
    .constdata                               0x080051ee   Section       16  system_stm32h7xx.o(.constdata)
    .constdata                               0x080051fe   Section       40  _printf_hex_int.o(.constdata)
    uc_hextab                                0x080051fe   Data          20  _printf_hex_int.o(.constdata)
    lc_hextab                                0x08005212   Data          20  _printf_hex_int.o(.constdata)
    .constdata                               0x08005226   Section       17  __printf_flags_ss_wp.o(.constdata)
    maptable                                 0x08005226   Data          17  __printf_flags_ss_wp.o(.constdata)
    .conststring                             0x08005238   Section      247  main.o(.conststring)
    .conststring                             0x08005330   Section       68  stm32h7xx_it.o(.conststring)
    .conststring                             0x08005374   Section       91  ota_metadata.o(.conststring)
    .data                                    0x24000000   Section       12  stm32h7xx_hal.o(.data)
    .data                                    0x2400000c   Section        8  system_stm32h7xx.o(.data)
    .bss                                     0x24000014   Section      148  usart.o(.bss)
    .bss                                     0x240000a8   Section       28  stm32h7xx_hal_flash.o(.bss)
    .bss                                     0x240000e0   Section       32  flash_if.o(.bss)
    flash_word                               0x240000e0   Data          32  flash_if.o(.bss)
    .bss                                     0x24000100   Section       96  libspace.o(.bss)
    HEAP                                     0x24000160   Section      512  startup_stm32h743xx.o(HEAP)
    Heap_Mem                                 0x24000160   Data         512  startup_stm32h743xx.o(HEAP)
    STACK                                    0x24000360   Section     1024  startup_stm32h743xx.o(STACK)
    Stack_Mem                                0x24000360   Data        1024  startup_stm32h743xx.o(STACK)
    __initial_sp                             0x24000760   Data           0  startup_stm32h743xx.o(STACK)

    Global Symbols

    Symbol Name                              Value     Ov Type        Size  Object(Section)

    BuildAttributes$$THM_ISAv4$E$P$D$K$B$S$7EM$VFPv5_D16$PE$PLD8$A:L22UL41UL21$X:L11$S22US41US21$IEEE1$IW$USESV6$~STKCKD$USESV7$~SHL$OSPACE$ROPI$EBA8$UX$STANDARDLIB$REQ8$PRES8$EABIv2 0x00000000   Number         0  anon$$obj.o ABSOLUTE
    __ARM_use_no_argv                        0x00000000   Number         0  main.o ABSOLUTE
    _printf_flags                            0x00000000   Number         0  printf_stubs.o ABSOLUTE
    _printf_return_value                     0x00000000   Number         0  printf_stubs.o ABSOLUTE
    _printf_sizespec                         0x00000000   Number         0  printf_stubs.o ABSOLUTE
    _printf_widthprec                        0x00000000   Number         0  printf_stubs.o ABSOLUTE
    __ARM_exceptions_init                     - Undefined Weak Reference
    __alloca_initialize                       - Undefined Weak Reference
    __arm_fini_                               - Undefined Weak Reference
    __arm_preinit_                            - Undefined Weak Reference
    __cpp_initialize__aeabi_                  - Undefined Weak Reference
    __cxa_finalize                            - Undefined Weak Reference
    __rt_locale                               - Undefined Weak Reference
    __sigvec_lookup                           - Undefined Weak Reference
    _atexit_init                              - Undefined Weak Reference
    _call_atexit_fns                          - Undefined Weak Reference
    _clock_init                               - Undefined Weak Reference
    _fp_trap_init                             - Undefined Weak Reference
    _fp_trap_shutdown                         - Undefined Weak Reference
    _get_lc_collate                           - Undefined Weak Reference
    _get_lc_ctype                             - Undefined Weak Reference
    _get_lc_monetary                          - Undefined Weak Reference
    _get_lc_numeric                           - Undefined Weak Reference
    _get_lc_time                              - Undefined Weak Reference
    _getenv_init                              - Undefined Weak Reference
    _handle_redirection                       - Undefined Weak Reference
    _init_alloc                               - Undefined Weak Reference
    _init_user_alloc                          - Undefined Weak Reference
    _initio                                   - Undefined Weak Reference
    _printf_mbtowc                            - Undefined Weak Reference
    _printf_truncate_signed                   - Undefined Weak Reference
    _printf_truncate_unsigned                 - Undefined Weak Reference
    _rand_init                                - Undefined Weak Reference
    _signal_finish                            - Undefined Weak Reference
    _signal_init                              - Undefined Weak Reference
    _terminate_alloc                          - Undefined Weak Reference
    _terminate_user_alloc                     - Undefined Weak Reference
    _terminateio                              - Undefined Weak Reference
    __Vectors_Size                           0x00000298   Number         0  startup_stm32h743xx.o ABSOLUTE
    __Vectors                                0x08000000   Data           4  startup_stm32h743xx.o(RESET)
    __Vectors_End                            0x08000298   Data           0  startup_stm32h743xx.o(RESET)
    __main                                   0x08000299   Thumb Code     8  __main.o(!!!main)
    __scatterload                            0x080002a1   Thumb Code     0  __scatter.o(!!!scatter)
    __scatterload_rt2                        0x080002a1   Thumb Code    44  __scatter.o(!!!scatter)
    __scatterload_rt2_thumb_only             0x080002a1   Thumb Code     0  __scatter.o(!!!scatter)
    __scatterload_null                       0x080002af   Thumb Code     0  __scatter.o(!!!scatter)
    __scatterload_copy                       0x080002d5   Thumb Code    26  __scatter_copy.o(!!handler_copy)
    __scatterload_zeroinit                   0x080002f1   Thumb Code    28  __scatter_zi.o(!!handler_zi)
    _printf_percent                          0x0800030d   Thumb Code     0  _printf_percent.o(.ARM.Collect$$_printf_percent$$00000000)
    _printf_u                                0x0800030d   Thumb Code     0  _printf_u.o(.ARM.Collect$$_printf_percent$$0000000A)
    _printf_x                                0x08000313   Thumb Code     0  _printf_x.o(.ARM.Collect$$_printf_percent$$0000000C)
    _printf_s                                0x08000319   Thumb Code     0  _printf_s.o(.ARM.Collect$$_printf_percent$$00000014)
    _printf_percent_end                      0x0800031f   Thumb Code     0  _printf_percent_end.o(.ARM.Collect$$_printf_percent$$00000017)
    __rt_lib_init                            0x08000323   Thumb Code     0  libinit.o(.ARM.Collect$$libinit$$00000000)
    __rt_lib_init_fp_1                       0x08000325   Thumb Code     0  libinit2.o(.ARM.Collect$$libinit$$00000001)
    __rt_lib_init_alloca_1                   0x08000329   Thumb Code     0  libinit2.o(.ARM.Collect$$libinit$$0000002E)
    __rt_lib_init_argv_1                     0x08000329   Thumb Code     0  libinit2.o(.ARM.Collect$$libinit$$0000002C)
    __rt_lib_init_atexit_1                   0x08000329   Thumb Code     0  libinit2.o(.ARM.Collect$$libinit$$0000001B)
    __rt_lib_init_clock_1                    0x08000329   Thumb Code     0  libinit2.o(.ARM.Collect$$libinit$$00000021)
    __rt_lib_init_cpp_1                      0x08000329   Thumb Code     0  libinit2.o(.ARM.Collect$$libinit$$00000032)
    __rt_lib_init_exceptions_1               0x08000329   Thumb Code     0  libinit2.o(.ARM.Collect$$libinit$$00000030)
    __rt_lib_init_fp_trap_1                  0x08000329   Thumb Code     0  libinit2.o(.ARM.Collect$$libinit$$0000001F)
    __rt_lib_init_getenv_1                   0x08000329   Thumb Code     0  libinit2.o(.ARM.Collect$$libinit$$00000023)
    __rt_lib_init_heap_1                     0x08000329   Thumb Code     0  libinit2.o(.ARM.Collect$$libinit$$0000000A)
    __rt_lib_init_lc_collate_1               0x08000329   Thumb Code     0  libinit2.o(.ARM.Collect$$libinit$$00000011)
    __rt_lib_init_lc_ctype_1                 0x08000329   Thumb Code     0  libinit2.o(.ARM.Collect$$libinit$$00000013)
    __rt_lib_init_lc_monetary_1              0x08000329   Thumb Code     0  libinit2.o(.ARM.Collect$$libinit$$00000015)
    __rt_lib_init_lc_numeric_1               0x08000329   Thumb Code     0  libinit2.o(.ARM.Collect$$libinit$$00000017)
    __rt_lib_init_lc_time_1                  0x08000329   Thumb Code     0  libinit2.o(.ARM.Collect$$libinit$$00000019)
    __rt_lib_init_preinit_1                  0x08000329   Thumb Code     0  libinit2.o(.ARM.Collect$$libinit$$00000004)
    __rt_lib_init_rand_1                     0x08000329   Thumb Code     0  libinit2.o(.ARM.Collect$$libinit$$0000000E)
    __rt_lib_init_return                     0x08000329   Thumb Code     0  libinit2.o(.ARM.Collect$$libinit$$00000033)
    __rt_lib_init_signal_1                   0x08000329   Thumb Code     0  libinit2.o(.ARM.Collect$$libinit$$0000001D)
    __rt_lib_init_stdio_1                    0x08000329   Thumb Code     0  libinit2.o(.ARM.Collect$$libinit$$00000025)
    __rt_lib_init_user_alloc_1               0x08000329   Thumb Code     0  libinit2.o(.ARM.Collect$$libinit$$0000000C)
    __rt_lib_shutdown                        0x0800032b   Thumb Code     0  libshutdown.o(.ARM.Collect$$libshutdown$$00000000)
    __rt_lib_shutdown_cpp_1                  0x0800032d   Thumb Code     0  libshutdown2.o(.ARM.Collect$$libshutdown$$00000004)
    __rt_lib_shutdown_fini_1                 0x0800032d   Thumb Code     0  libshutdown2.o(.ARM.Collect$$libshutdown$$00000002)
    __rt_lib_shutdown_fp_trap_1              0x0800032d   Thumb Code     0  libshutdown2.o(.ARM.Collect$$libshutdown$$00000009)
    __rt_lib_shutdown_heap_1                 0x0800032d   Thumb Code     0  libshutdown2.o(.ARM.Collect$$libshutdown$$00000011)
    __rt_lib_shutdown_return                 0x0800032d   Thumb Code     0  libshutdown2.o(.ARM.Collect$$libshutdown$$00000012)
    __rt_lib_shutdown_signal_1               0x0800032d   Thumb Code     0  libshutdown2.o(.ARM.Collect$$libshutdown$$0000000C)
    __rt_lib_shutdown_stdio_1                0x0800032d   Thumb Code     0  libshutdown2.o(.ARM.Collect$$libshutdown$$00000006)
    __rt_lib_shutdown_user_alloc_1           0x0800032d   Thumb Code     0  libshutdown2.o(.ARM.Collect$$libshutdown$$0000000E)
    __rt_entry                               0x0800032f   Thumb Code     0  __rtentry.o(.ARM.Collect$$rtentry$$00000000)
    __rt_entry_presh_1                       0x0800032f   Thumb Code     0  __rtentry2.o(.ARM.Collect$$rtentry$$00000002)
    __rt_entry_sh                            0x0800032f   Thumb Code     0  __rtentry4.o(.ARM.Collect$$rtentry$$00000004)
    __rt_entry_li                            0x08000335   Thumb Code     0  __rtentry2.o(.ARM.Collect$$rtentry$$0000000A)
    __rt_entry_postsh_1                      0x08000335   Thumb Code     0  __rtentry2.o(.ARM.Collect$$rtentry$$00000009)
    __rt_entry_main                          0x08000339   Thumb Code     0  __rtentry2.o(.ARM.Collect$$rtentry$$0000000D)
    __rt_entry_postli_1                      0x08000339   Thumb Code     0  __rtentry2.o(.ARM.Collect$$rtentry$$0000000C)
    __rt_exit                                0x08000341   Thumb Code     0  rtexit.o(.ARM.Collect$$rtexit$$00000000)
    __rt_exit_ls                             0x08000343   Thumb Code     0  rtexit2.o(.ARM.Collect$$rtexit$$00000003)
    __rt_exit_prels_1                        0x08000343   Thumb Code     0  rtexit2.o(.ARM.Collect$$rtexit$$00000002)
    __rt_exit_exit                           0x08000347   Thumb Code     0  rtexit2.o(.ARM.Collect$$rtexit$$00000004)
    Reset_Handler                            0x0800034d   Thumb Code    12  startup_stm32h743xx.o(.text)
    ADC3_IRQHandler                          0x0800036b   Thumb Code     0  startup_stm32h743xx.o(.text)
    ADC_IRQHandler                           0x0800036b   Thumb Code     0  startup_stm32h743xx.o(.text)
    BDMA_Channel0_IRQHandler                 0x0800036b   Thumb Code     0  startup_stm32h743xx.o(.text)
    BDMA_Channel1_IRQHandler                 0x0800036b   Thumb Code     0  startup_stm32h743xx.o(.text)
    BDMA_Channel2_IRQHandler                 0x0800036b   Thumb Code     0  startup_stm32h743xx.o(.text)
    BDMA_Channel3_IRQHandler                 0x0800036b   Thumb Code     0  startup_stm32h743xx.o(.text)
    BDMA_Channel4_IRQHandler                 0x0800036b   Thumb Code     0  startup_stm32h743xx.o(.text)
    BDMA_Channel5_IRQHandler                 0x0800036b   Thumb Code     0  startup_stm32h743xx.o(.text)
    BDMA_Channel6_IRQHandler                 0x0800036b   Thumb Code     0  startup_stm32h743xx.o(.text)
    BDMA_Channel7_IRQHandler                 0x0800036b   Thumb Code     0  startup_stm32h743xx.o(.text)
    CEC_IRQHandler                           0x0800036b   Thumb Code     0  startup_stm32h743xx.o(.text)
    COMP1_IRQHandler                         0x0800036b   Thumb Code     0  startup_stm32h743xx.o(.text)
    CRS_IRQHandler                           0x0800036b   Thumb Code     0  startup_stm32h743xx.o(.text)
    DCMI_IRQHandler                          0x0800036b   Thumb Code     0  startup_stm32h743xx.o(.text)
    DFSDM1_FLT0_IRQHandler                   0x0800036b   Thumb Code     0  startup_stm32h743xx.o(.text)
    DFSDM1_FLT1_IRQHandler                   0x0800036b   Thumb Code     0  startup_stm32h743xx.o(.text)
    DFSDM1_FLT2_IRQHandler                   0x0800036b   Thumb Code     0  startup_stm32h743xx.o(.text)
    DFSDM1_FLT3_IRQHandler                   0x0800036b   Thumb Code     0  startup_stm32h743xx.o(.text)
    DMA1_Stream0_IRQHandler                  0x0800036b   Thumb Code     0  startup_stm32h743xx.o(.text)
    DMA1_Stream1_IRQHandler                  0x0800036b   Thumb Code     0  startup_stm32h743xx.o(.text)
    DMA1_Stream2_IRQHandler                  0x0800036b   Thumb Code     0  startup_stm32h743xx.o(.text)
    DMA1_Stream3_IRQHandler                  0x0800036b   Thumb Code     0  startup_stm32h743xx.o(.text)
    DMA1_Stream4_IRQHandler                  0x0800036b   Thumb Code     0  startup_stm32h743xx.o(.text)
    DMA1_Stream5_IRQHandler                  0x0800036b   Thumb Code     0  startup_stm32h743xx.o(.text)
    DMA1_Stream6_IRQHandler                  0x0800036b   Thumb Code     0  startup_stm32h743xx.o(.text)
    DMA1_Stream7_IRQHandler                  0x0800036b   Thumb Code     0  startup_stm32h743xx.o(.text)
    DMA2D_IRQHandler                         0x0800036b   Thumb Code     0  startup_stm32h743xx.o(.text)
    DMA2_Stream0_IRQHandler                  0x0800036b   Thumb Code     0  startup_stm32h743xx.o(.text)
    DMA2_Stream1_IRQHandler                  0x0800036b   Thumb Code     0  startup_stm32h743xx.o(.text)
    DMA2_Stream2_IRQHandler                  0x0800036b   Thumb Code     0  startup_stm32h743xx.o(.text)
    DMA2_Stream3_IRQHandler                  0x0800036b   Thumb Code     0  startup_stm32h743xx.o(.text)
    DMA2_Stream4_IRQHandler                  0x0800036b   Thumb Code     0  startup_stm32h743xx.o(.text)
    DMA2_Stream5_IRQHandler                  0x0800036b   Thumb Code     0  startup_stm32h743xx.o(.text)
    DMA2_Stream6_IRQHandler                  0x0800036b   Thumb Code     0  startup_stm32h743xx.o(.text)
    DMA2_Stream7_IRQHandler                  0x0800036b   Thumb Code     0  startup_stm32h743xx.o(.text)
    DMAMUX1_OVR_IRQHandler                   0x0800036b   Thumb Code     0  startup_stm32h743xx.o(.text)
    DMAMUX2_OVR_IRQHandler                   0x0800036b   Thumb Code     0  startup_stm32h743xx.o(.text)
    ECC_IRQHandler                           0x0800036b   Thumb Code     0  startup_stm32h743xx.o(.text)
    ETH_IRQHandler                           0x0800036b   Thumb Code     0  startup_stm32h743xx.o(.text)
    ETH_WKUP_IRQHandler                      0x0800036b   Thumb Code     0  startup_stm32h743xx.o(.text)
    EXTI0_IRQHandler                         0x0800036b   Thumb Code     0  startup_stm32h743xx.o(.text)
    EXTI15_10_IRQHandler                     0x0800036b   Thumb Code     0  startup_stm32h743xx.o(.text)
    EXTI1_IRQHandler                         0x0800036b   Thumb Code     0  startup_stm32h743xx.o(.text)
    EXTI2_IRQHandler                         0x0800036b   Thumb Code     0  startup_stm32h743xx.o(.text)
    EXTI3_IRQHandler                         0x0800036b   Thumb Code     0  startup_stm32h743xx.o(.text)
    EXTI4_IRQHandler                         0x0800036b   Thumb Code     0  startup_stm32h743xx.o(.text)
    EXTI9_5_IRQHandler                       0x0800036b   Thumb Code     0  startup_stm32h743xx.o(.text)
    FDCAN1_IT0_IRQHandler                    0x0800036b   Thumb Code     0  startup_stm32h743xx.o(.text)
    FDCAN1_IT1_IRQHandler                    0x0800036b   Thumb Code     0  startup_stm32h743xx.o(.text)
    FDCAN2_IT0_IRQHandler                    0x0800036b   Thumb Code     0  startup_stm32h743xx.o(.text)
    FDCAN2_IT1_IRQHandler                    0x0800036b   Thumb Code     0  startup_stm32h743xx.o(.text)
    FDCAN_CAL_IRQHandler                     0x0800036b   Thumb Code     0  startup_stm32h743xx.o(.text)
    FLASH_IRQHandler                         0x0800036b   Thumb Code     0  startup_stm32h743xx.o(.text)
    FMC_IRQHandler                           0x0800036b   Thumb Code     0  startup_stm32h743xx.o(.text)
    FPU_IRQHandler                           0x0800036b   Thumb Code     0  startup_stm32h743xx.o(.text)
    HRTIM1_FLT_IRQHandler                    0x0800036b   Thumb Code     0  startup_stm32h743xx.o(.text)
    HRTIM1_Master_IRQHandler                 0x0800036b   Thumb Code     0  startup_stm32h743xx.o(.text)
    HRTIM1_TIMA_IRQHandler                   0x0800036b   Thumb Code     0  startup_stm32h743xx.o(.text)
    HRTIM1_TIMB_IRQHandler                   0x0800036b   Thumb Code     0  startup_stm32h743xx.o(.text)
    HRTIM1_TIMC_IRQHandler                   0x0800036b   Thumb Code     0  startup_stm32h743xx.o(.text)
    HRTIM1_TIMD_IRQHandler                   0x0800036b   Thumb Code     0  startup_stm32h743xx.o(.text)
    HRTIM1_TIME_IRQHandler                   0x0800036b   Thumb Code     0  startup_stm32h743xx.o(.text)
    HSEM1_IRQHandler                         0x0800036b   Thumb Code     0  startup_stm32h743xx.o(.text)
    I2C1_ER_IRQHandler                       0x0800036b   Thumb Code     0  startup_stm32h743xx.o(.text)
    I2C1_EV_IRQHandler                       0x0800036b   Thumb Code     0  startup_stm32h743xx.o(.text)
    I2C2_ER_IRQHandler                       0x0800036b   Thumb Code     0  startup_stm32h743xx.o(.text)
    I2C2_EV_IRQHandler                       0x0800036b   Thumb Code     0  startup_stm32h743xx.o(.text)
    I2C3_ER_IRQHandler                       0x0800036b   Thumb Code     0  startup_stm32h743xx.o(.text)
    I2C3_EV_IRQHandler                       0x0800036b   Thumb Code     0  startup_stm32h743xx.o(.text)
    I2C4_ER_IRQHandler                       0x0800036b   Thumb Code     0  startup_stm32h743xx.o(.text)
    I2C4_EV_IRQHandler                       0x0800036b   Thumb Code     0  startup_stm32h743xx.o(.text)
    JPEG_IRQHandler                          0x0800036b   Thumb Code     0  startup_stm32h743xx.o(.text)
    LPTIM1_IRQHandler                        0x0800036b   Thumb Code     0  startup_stm32h743xx.o(.text)
    LPTIM2_IRQHandler                        0x0800036b   Thumb Code     0  startup_stm32h743xx.o(.text)
    LPTIM3_IRQHandler                        0x0800036b   Thumb Code     0  startup_stm32h743xx.o(.text)
    LPTIM4_IRQHandler                        0x0800036b   Thumb Code     0  startup_stm32h743xx.o(.text)
    LPTIM5_IRQHandler                        0x0800036b   Thumb Code     0  startup_stm32h743xx.o(.text)
    LPUART1_IRQHandler                       0x0800036b   Thumb Code     0  startup_stm32h743xx.o(.text)
    LTDC_ER_IRQHandler                       0x0800036b   Thumb Code     0  startup_stm32h743xx.o(.text)
    LTDC_IRQHandler                          0x0800036b   Thumb Code     0  startup_stm32h743xx.o(.text)
    MDIOS_IRQHandler                         0x0800036b   Thumb Code     0  startup_stm32h743xx.o(.text)
    MDIOS_WKUP_IRQHandler                    0x0800036b   Thumb Code     0  startup_stm32h743xx.o(.text)
    MDMA_IRQHandler                          0x0800036b   Thumb Code     0  startup_stm32h743xx.o(.text)
    OTG_FS_EP1_IN_IRQHandler                 0x0800036b   Thumb Code     0  startup_stm32h743xx.o(.text)
    OTG_FS_EP1_OUT_IRQHandler                0x0800036b   Thumb Code     0  startup_stm32h743xx.o(.text)
    OTG_FS_IRQHandler                        0x0800036b   Thumb Code     0  startup_stm32h743xx.o(.text)
    OTG_FS_WKUP_IRQHandler                   0x0800036b   Thumb Code     0  startup_stm32h743xx.o(.text)
    OTG_HS_EP1_IN_IRQHandler                 0x0800036b   Thumb Code     0  startup_stm32h743xx.o(.text)
    OTG_HS_EP1_OUT_IRQHandler                0x0800036b   Thumb Code     0  startup_stm32h743xx.o(.text)
    OTG_HS_IRQHandler                        0x0800036b   Thumb Code     0  startup_stm32h743xx.o(.text)
    OTG_HS_WKUP_IRQHandler                   0x0800036b   Thumb Code     0  startup_stm32h743xx.o(.text)
    PVD_AVD_IRQHandler                       0x0800036b   Thumb Code     0  startup_stm32h743xx.o(.text)
    QUADSPI_IRQHandler                       0x0800036b   Thumb Code     0  startup_stm32h743xx.o(.text)
    RCC_IRQHandler                           0x0800036b   Thumb Code     0  startup_stm32h743xx.o(.text)
    RNG_IRQHandler                           0x0800036b   Thumb Code     0  startup_stm32h743xx.o(.text)
    RTC_Alarm_IRQHandler                     0x0800036b   Thumb Code     0  startup_stm32h743xx.o(.text)
    RTC_WKUP_IRQHandler                      0x0800036b   Thumb Code     0  startup_stm32h743xx.o(.text)
    SAI1_IRQHandler                          0x0800036b   Thumb Code     0  startup_stm32h743xx.o(.text)
    SAI2_IRQHandler                          0x0800036b   Thumb Code     0  startup_stm32h743xx.o(.text)
    SAI3_IRQHandler                          0x0800036b   Thumb Code     0  startup_stm32h743xx.o(.text)
    SAI4_IRQHandler                          0x0800036b   Thumb Code     0  startup_stm32h743xx.o(.text)
    SDMMC1_IRQHandler                        0x0800036b   Thumb Code     0  startup_stm32h743xx.o(.text)
    SDMMC2_IRQHandler                        0x0800036b   Thumb Code     0  startup_stm32h743xx.o(.text)
    SPDIF_RX_IRQHandler                      0x0800036b   Thumb Code     0  startup_stm32h743xx.o(.text)
    SPI1_IRQHandler                          0x0800036b   Thumb Code     0  startup_stm32h743xx.o(.text)
    SPI2_IRQHandler                          0x0800036b   Thumb Code     0  startup_stm32h743xx.o(.text)
    SPI3_IRQHandler                          0x0800036b   Thumb Code     0  startup_stm32h743xx.o(.text)
    SPI4_IRQHandler                          0x0800036b   Thumb Code     0  startup_stm32h743xx.o(.text)
    SPI5_IRQHandler                          0x0800036b   Thumb Code     0  startup_stm32h743xx.o(.text)
    SPI6_IRQHandler                          0x0800036b   Thumb Code     0  startup_stm32h743xx.o(.text)
    SWPMI1_IRQHandler                        0x0800036b   Thumb Code     0  startup_stm32h743xx.o(.text)
    TAMP_STAMP_IRQHandler                    0x0800036b   Thumb Code     0  startup_stm32h743xx.o(.text)
    TIM15_IRQHandler                         0x0800036b   Thumb Code     0  startup_stm32h743xx.o(.text)
    TIM16_IRQHandler                         0x0800036b   Thumb Code     0  startup_stm32h743xx.o(.text)
    TIM17_IRQHandler                         0x0800036b   Thumb Code     0  startup_stm32h743xx.o(.text)
    TIM1_BRK_IRQHandler                      0x0800036b   Thumb Code     0  startup_stm32h743xx.o(.text)
    TIM1_CC_IRQHandler                       0x0800036b   Thumb Code     0  startup_stm32h743xx.o(.text)
    TIM1_TRG_COM_IRQHandler                  0x0800036b   Thumb Code     0  startup_stm32h743xx.o(.text)
    TIM1_UP_IRQHandler                       0x0800036b   Thumb Code     0  startup_stm32h743xx.o(.text)
    TIM2_IRQHandler                          0x0800036b   Thumb Code     0  startup_stm32h743xx.o(.text)
    TIM3_IRQHandler                          0x0800036b   Thumb Code     0  startup_stm32h743xx.o(.text)
    TIM4_IRQHandler                          0x0800036b   Thumb Code     0  startup_stm32h743xx.o(.text)
    TIM5_IRQHandler                          0x0800036b   Thumb Code     0  startup_stm32h743xx.o(.text)
    TIM6_DAC_IRQHandler                      0x0800036b   Thumb Code     0  startup_stm32h743xx.o(.text)
    TIM7_IRQHandler                          0x0800036b   Thumb Code     0  startup_stm32h743xx.o(.text)
    TIM8_BRK_TIM12_IRQHandler                0x0800036b   Thumb Code     0  startup_stm32h743xx.o(.text)
    TIM8_CC_IRQHandler                       0x0800036b   Thumb Code     0  startup_stm32h743xx.o(.text)
    TIM8_TRG_COM_TIM14_IRQHandler            0x0800036b   Thumb Code     0  startup_stm32h743xx.o(.text)
    TIM8_UP_TIM13_IRQHandler                 0x0800036b   Thumb Code     0  startup_stm32h743xx.o(.text)
    UART4_IRQHandler                         0x0800036b   Thumb Code     0  startup_stm32h743xx.o(.text)
    UART5_IRQHandler                         0x0800036b   Thumb Code     0  startup_stm32h743xx.o(.text)
    UART7_IRQHandler                         0x0800036b   Thumb Code     0  startup_stm32h743xx.o(.text)
    UART8_IRQHandler                         0x0800036b   Thumb Code     0  startup_stm32h743xx.o(.text)
    USART1_IRQHandler                        0x0800036b   Thumb Code     0  startup_stm32h743xx.o(.text)
    USART2_IRQHandler                        0x0800036b   Thumb Code     0  startup_stm32h743xx.o(.text)
    USART3_IRQHandler                        0x0800036b   Thumb Code     0  startup_stm32h743xx.o(.text)
    USART6_IRQHandler                        0x0800036b   Thumb Code     0  startup_stm32h743xx.o(.text)
    WAKEUP_PIN_IRQHandler                    0x0800036b   Thumb Code     0  startup_stm32h743xx.o(.text)
    WWDG_IRQHandler                          0x0800036b   Thumb Code     0  startup_stm32h743xx.o(.text)
    __user_initial_stackheap                 0x0800036d   Thumb Code     0  startup_stm32h743xx.o(.text)
    __aeabi_uldivmod                         0x08000395   Thumb Code     0  lludivv7m.o(.text)
    _ll_udiv                                 0x08000395   Thumb Code   238  lludivv7m.o(.text)
    __2snprintf                              0x08000485   Thumb Code    48  noretval__2snprintf.o(.text)
    _printf_pre_padding                      0x080004b9   Thumb Code    44  _printf_pad.o(.text)
    _printf_post_padding                     0x080004e5   Thumb Code    34  _printf_pad.o(.text)
    _printf_str                              0x08000507   Thumb Code    82  _printf_str.o(.text)
    _printf_int_dec                          0x08000559   Thumb Code   104  _printf_dec.o(.text)
    _printf_int_hex                          0x080005d1   Thumb Code    84  _printf_hex_int.o(.text)
    _printf_longlong_hex                     0x080005d1   Thumb Code     0  _printf_hex_int.o(.text)
    __printf                                 0x08000629   Thumb Code   388  __printf_flags_ss_wp.o(.text)
    strlen                                   0x080007b1   Thumb Code    62  strlen.o(.text)
    __aeabi_memcpy                           0x080007ef   Thumb Code     0  rt_memcpy_v6.o(.text)
    __rt_memcpy                              0x080007ef   Thumb Code   138  rt_memcpy_v6.o(.text)
    _memcpy_lastbytes                        0x08000855   Thumb Code     0  rt_memcpy_v6.o(.text)
    __aeabi_memcpy4                          0x08000879   Thumb Code     0  rt_memcpy_w.o(.text)
    __aeabi_memcpy8                          0x08000879   Thumb Code     0  rt_memcpy_w.o(.text)
    __rt_memcpy_w                            0x08000879   Thumb Code   100  rt_memcpy_w.o(.text)
    _memcpy_lastbytes_aligned                0x080008c1   Thumb Code     0  rt_memcpy_w.o(.text)
    __aeabi_memset                           0x080008dd   Thumb Code    16  aeabi_memset.o(.text)
    __aeabi_memclr4                          0x080008ed   Thumb Code     0  rt_memclr_w.o(.text)
    __aeabi_memclr8                          0x080008ed   Thumb Code     0  rt_memclr_w.o(.text)
    __rt_memclr_w                            0x080008ed   Thumb Code    78  rt_memclr_w.o(.text)
    _memset_w                                0x080008f1   Thumb Code     0  rt_memclr_w.o(.text)
    __use_two_region_memory                  0x0800093b   Thumb Code     2  heapauxi.o(.text)
    __rt_heap_escrow$2region                 0x0800093d   Thumb Code     2  heapauxi.o(.text)
    __rt_heap_expand$2region                 0x0800093f   Thumb Code     2  heapauxi.o(.text)
    _printf_int_common                       0x08000941   Thumb Code   178  _printf_intcommon.o(.text)
    _printf_char_common                      0x080009ff   Thumb Code    32  _printf_char_common.o(.text)
    _sputc                                   0x08000a25   Thumb Code    10  _sputc.o(.text)
    _snputc                                  0x08000a2f   Thumb Code    16  _snputc.o(.text)
    _printf_cs_common                        0x08000a3f   Thumb Code    20  _printf_char.o(.text)
    _printf_char                             0x08000a53   Thumb Code    16  _printf_char.o(.text)
    _printf_string                           0x08000a63   Thumb Code     8  _printf_char.o(.text)
    __aeabi_memclr                           0x08000a6b   Thumb Code     0  rt_memclr.o(.text)
    __rt_memclr                              0x08000a6b   Thumb Code    68  rt_memclr.o(.text)
    _memset                                  0x08000a6f   Thumb Code     0  rt_memclr.o(.text)
    __user_setup_stackheap                   0x08000aaf   Thumb Code    74  sys_stackheap_outer.o(.text)
    exit                                     0x08000af9   Thumb Code    18  exit.o(.text)
    __user_libspace                          0x08000b0d   Thumb Code     8  libspace.o(.text)
    __user_perproc_libspace                  0x08000b0d   Thumb Code     0  libspace.o(.text)
    __user_perthread_libspace                0x08000b0d   Thumb Code     0  libspace.o(.text)
    _sys_exit                                0x08000b15   Thumb Code     8  sys_exit.o(.text)
    __I$use$semihosting                      0x08000b21   Thumb Code     0  use_no_semi.o(.text)
    __use_no_semihosting_swi                 0x08000b21   Thumb Code     2  use_no_semi.o(.text)
    __semihosting_library_function           0x08000b23   Thumb Code     0  indicate_semi.o(.text)
    BusFault_Handler                         0x0800114d   Thumb Code     8  stm32h7xx_it.o(i.BusFault_Handler)
    DebugMon_Handler                         0x08001161   Thumb Code     2  stm32h7xx_it.o(i.DebugMon_Handler)
    Error_Handler                            0x08001163   Thumb Code     4  main.o(i.Error_Handler)
    ExitRun0Mode                             0x08001169   Thumb Code    22  system_stm32h7xx.o(i.ExitRun0Mode)
    FLASH_Erase_Sector                       0x08001185   Thumb Code    60  stm32h7xx_hal_flash_ex.o(i.FLASH_Erase_Sector)
    FLASH_WaitForLastOperation               0x08001241   Thumb Code   178  stm32h7xx_hal_flash.o(i.FLASH_WaitForLastOperation)
    FlashIf_CalculateCrc32                   0x08001361   Thumb Code    52  flash_if.o(i.FlashIf_CalculateCrc32)
    FlashIf_CalculateFlashCrc32              0x08001399   Thumb Code     4  flash_if.o(i.FlashIf_CalculateFlashCrc32)
    FlashIf_EraseMetadata                    0x0800139d   Thumb Code    22  flash_if.o(i.FlashIf_EraseMetadata)
    FlashIf_EraseSlot                        0x08001481   Thumb Code    54  flash_if.o(i.FlashIf_EraseSlot)
    FlashIf_GetSlotAddress                   0x0800152d   Thumb Code    22  flash_if.o(i.FlashIf_GetSlotAddress)
    FlashIf_GetSlotSize                      0x08001549   Thumb Code    20  flash_if.o(i.FlashIf_GetSlotSize)
    FlashIf_IsApplicationValid               0x0800155d   Thumb Code    72  flash_if.o(i.FlashIf_IsApplicationValid)
    FlashIf_WriteBuffer                      0x080015a5   Thumb Code   138  flash_if.o(i.FlashIf_WriteBuffer)
    HAL_DeInit                               0x08001675   Thumb Code    90  stm32h7xx_hal.o(i.HAL_DeInit)
    HAL_Delay                                0x080016ed   Thumb Code    32  stm32h7xx_hal.o(i.HAL_Delay)
    HAL_FLASHEx_Erase                        0x08001711   Thumb Code   268  stm32h7xx_hal_flash_ex.o(i.HAL_FLASHEx_Erase)
    HAL_FLASH_Lock                           0x08001825   Thumb Code    44  stm32h7xx_hal_flash.o(i.HAL_FLASH_Lock)
    HAL_FLASH_Program                        0x08001855   Thumb Code   184  stm32h7xx_hal_flash.o(i.HAL_FLASH_Program)
    HAL_FLASH_Unlock                         0x08001915   Thumb Code    54  stm32h7xx_hal_flash.o(i.HAL_FLASH_Unlock)
    HAL_GPIO_DeInit                          0x08001959   Thumb Code   324  stm32h7xx_hal_gpio.o(i.HAL_GPIO_DeInit)
    HAL_GPIO_Init                            0x08001ac9   Thumb Code   506  stm32h7xx_hal_gpio.o(i.HAL_GPIO_Init)
    HAL_GPIO_TogglePin                       0x08001cf5   Thumb Code    16  stm32h7xx_hal_gpio.o(i.HAL_GPIO_TogglePin)
    HAL_GPIO_WritePin                        0x08001d05   Thumb Code    10  stm32h7xx_hal_gpio.o(i.HAL_GPIO_WritePin)
    HAL_GetREVID                             0x08001d11   Thumb Code     8  stm32h7xx_hal.o(i.HAL_GetREVID)
    HAL_GetTick                              0x08001d1d   Thumb Code     6  stm32h7xx_hal.o(i.HAL_GetTick)
    HAL_IncTick                              0x08001d29   Thumb Code    12  stm32h7xx_hal.o(i.HAL_IncTick)
    HAL_Init                                 0x08001d39   Thumb Code    74  stm32h7xx_hal.o(i.HAL_Init)
    HAL_InitTick                             0x08001d95   Thumb Code    56  stm32h7xx_hal.o(i.HAL_InitTick)
    HAL_MPU_ConfigRegion                     0x08001dd5   Thumb Code    86  stm32h7xx_hal_cortex.o(i.HAL_MPU_ConfigRegion)
    HAL_MPU_Disable                          0x08001e31   Thumb Code    24  stm32h7xx_hal_cortex.o(i.HAL_MPU_Disable)
    HAL_MPU_Enable                           0x08001e4d   Thumb Code    30  stm32h7xx_hal_cortex.o(i.HAL_MPU_Enable)
    HAL_MspDeInit                            0x08001e71   Thumb Code     2  stm32h7xx_hal.o(i.HAL_MspDeInit)
    HAL_MspInit                              0x08001e75   Thumb Code    22  stm32h7xx_hal_msp.o(i.HAL_MspInit)
    HAL_NVIC_SetPriority                     0x08001e91   Thumb Code    60  stm32h7xx_hal_cortex.o(i.HAL_NVIC_SetPriority)
    HAL_NVIC_SetPriorityGrouping             0x08001ed1   Thumb Code    28  stm32h7xx_hal_cortex.o(i.HAL_NVIC_SetPriorityGrouping)
    HAL_PWREx_ConfigSupply                   0x08001ef5   Thumb Code    78  stm32h7xx_hal_pwr_ex.o(i.HAL_PWREx_ConfigSupply)
    HAL_RCCEx_GetD3PCLK1Freq                 0x08001f49   Thumb Code    26  stm32h7xx_hal_rcc_ex.o(i.HAL_RCCEx_GetD3PCLK1Freq)
    HAL_RCCEx_GetPLL2ClockFreq               0x08001f6d   Thumb Code   296  stm32h7xx_hal_rcc_ex.o(i.HAL_RCCEx_GetPLL2ClockFreq)
    HAL_RCCEx_GetPLL3ClockFreq               0x080020b1   Thumb Code   296  stm32h7xx_hal_rcc_ex.o(i.HAL_RCCEx_GetPLL3ClockFreq)
    HAL_RCCEx_PeriphCLKConfig                0x080021f5   Thumb Code  2472  stm32h7xx_hal_rcc_ex.o(i.HAL_RCCEx_PeriphCLKConfig)
    HAL_RCC_ClockConfig                      0x08002ba1   Thumb Code   580  stm32h7xx_hal_rcc.o(i.HAL_RCC_ClockConfig)
    HAL_RCC_DeInit                           0x08002dfd   Thumb Code   454  stm32h7xx_hal_rcc.o(i.HAL_RCC_DeInit)
    HAL_RCC_GetHCLKFreq                      0x08002fed   Thumb Code    52  stm32h7xx_hal_rcc.o(i.HAL_RCC_GetHCLKFreq)
    HAL_RCC_GetPCLK1Freq                     0x08003031   Thumb Code    26  stm32h7xx_hal_rcc.o(i.HAL_RCC_GetPCLK1Freq)
    HAL_RCC_GetPCLK2Freq                     0x08003055   Thumb Code    26  stm32h7xx_hal_rcc.o(i.HAL_RCC_GetPCLK2Freq)
    HAL_RCC_GetSysClockFreq                  0x08003079   Thumb Code   278  stm32h7xx_hal_rcc.o(i.HAL_RCC_GetSysClockFreq)
    HAL_RCC_OscConfig                        0x080031b1   Thumb Code  1410  stm32h7xx_hal_rcc.o(i.HAL_RCC_OscConfig)
    HAL_SYSTICK_Config                       0x08003733   Thumb Code    38  stm32h7xx_hal_cortex.o(i.HAL_SYSTICK_Config)
    HAL_UARTEx_DisableFifoMode               0x08003759   Thumb Code    64  stm32h7xx_hal_uart_ex.o(i.HAL_UARTEx_DisableFifoMode)
    HAL_UARTEx_SetRxFifoThreshold            0x08003799   Thumb Code    76  stm32h7xx_hal_uart_ex.o(i.HAL_UARTEx_SetRxFifoThreshold)
    HAL_UARTEx_SetTxFifoThreshold            0x080037e5   Thumb Code    76  stm32h7xx_hal_uart_ex.o(i.HAL_UARTEx_SetTxFifoThreshold)
    HAL_UART_DeInit                          0x08003831   Thumb Code    70  stm32h7xx_hal_uart.o(i.HAL_UART_DeInit)
    HAL_UART_Init                            0x08003877   Thumb Code   106  stm32h7xx_hal_uart.o(i.HAL_UART_Init)
    HAL_UART_MspDeInit                       0x080038e1   Thumb Code    30  usart.o(i.HAL_UART_MspDeInit)
    HAL_UART_MspInit                         0x0800390d   Thumb Code   122  usart.o(i.HAL_UART_MspInit)
    HAL_UART_Receive                         0x08003995   Thumb Code   232  stm32h7xx_hal_uart.o(i.HAL_UART_Receive)
    HAL_UART_Transmit                        0x08003a7d   Thumb Code   176  stm32h7xx_hal_uart.o(i.HAL_UART_Transmit)
    HardFault_Handler                        0x08003b2d   Thumb Code     8  stm32h7xx_it.o(i.HardFault_Handler)
    MX_GPIO_Init                             0x08003be9   Thumb Code   154  gpio.o(i.MX_GPIO_Init)
    MX_USART3_UART_Init                      0x08003c91   Thumb Code    94  usart.o(i.MX_USART3_UART_Init)
    MemManage_Handler                        0x08003cf9   Thumb Code     8  stm32h7xx_it.o(i.MemManage_Handler)
    NMI_Handler                              0x08003d0d   Thumb Code     2  stm32h7xx_it.o(i.NMI_Handler)
    OtaMetadata_CreateDefault                0x08003d15   Thumb Code    56  ota_metadata.o(i.OtaMetadata_CreateDefault)
    OtaMetadata_IsSlotMarkedValid            0x08003d51   Thumb Code    24  ota_metadata.o(i.OtaMetadata_IsSlotMarkedValid)
    OtaMetadata_Load                         0x08003d69   Thumb Code    66  ota_metadata.o(i.OtaMetadata_Load)
    OtaMetadata_Save                         0x08003e79   Thumb Code    82  ota_metadata.o(i.OtaMetadata_Save)
    OtaMetadata_SelectBootSlot               0x08003ef9   Thumb Code    28  ota_metadata.o(i.OtaMetadata_SelectBootSlot)
    OtaMetadata_UpdateSlotInfo               0x08003f15   Thumb Code    36  ota_metadata.o(i.OtaMetadata_UpdateSlotInfo)
    OtaProtocol_RunSession                   0x080041d1   Thumb Code   340  ota_protocol.o(i.OtaProtocol_RunSession)
    PendSV_Handler                           0x080043d1   Thumb Code     2  stm32h7xx_it.o(i.PendSV_Handler)
    SVC_Handler                              0x08004615   Thumb Code     2  stm32h7xx_it.o(i.SVC_Handler)
    SysTick_Handler                          0x08004617   Thumb Code     4  stm32h7xx_it.o(i.SysTick_Handler)
    SystemClock_Config                       0x0800461d   Thumb Code   158  main.o(i.SystemClock_Config)
    SystemInit                               0x080046c5   Thumb Code   206  system_stm32h7xx.o(i.SystemInit)
    UART_AdvFeatureConfig                    0x08004801   Thumb Code   200  stm32h7xx_hal_uart.o(i.UART_AdvFeatureConfig)
    UART_CheckIdleState                      0x080048c9   Thumb Code   170  stm32h7xx_hal_uart.o(i.UART_CheckIdleState)
    UART_SetConfig                           0x080049c9   Thumb Code   876  stm32h7xx_hal_uart.o(i.UART_SetConfig)
    UART_WaitOnFlagUntilTimeout              0x08004d75   Thumb Code   148  stm32h7xx_hal_uart.o(i.UART_WaitOnFlagUntilTimeout)
    UartIf_ReceiveBuffer                     0x08004e09   Thumb Code    20  uart_if.o(i.UartIf_ReceiveBuffer)
    UartIf_SendBuffer                        0x08004e21   Thumb Code    22  uart_if.o(i.UartIf_SendBuffer)
    UartIf_SendString                        0x08004e3d   Thumb Code    26  uart_if.o(i.UartIf_SendString)
    UsageFault_Handler                       0x08004e59   Thumb Code     8  stm32h7xx_it.o(i.UsageFault_Handler)
    _is_digit                                0x08004eb5   Thumb Code    14  __printf_wp.o(i._is_digit)
    main                                     0x08004ec5   Thumb Code   346  main.o(i.main)
    _fp_init                                 0x080051bd   Thumb Code    10  fpinit.o(x$fpl$fpinit)
    __fplib_config_fpu_vfp                   0x080051c5   Thumb Code     0  fpinit.o(x$fpl$fpinit)
    __fplib_config_pureend_doubles           0x080051c5   Thumb Code     0  fpinit.o(x$fpl$fpinit)
    UARTPrescTable                           0x080051c6   Data          24  stm32h7xx_hal_uart.o(.constdata)
    D1CorePrescTable                         0x080051ee   Data          16  system_stm32h7xx.o(.constdata)
    Region$$Table$$Base                      0x080053d0   Number         0  anon$$obj.o(Region$$Table)
    Region$$Table$$Limit                     0x080053f0   Number         0  anon$$obj.o(Region$$Table)
    uwTickFreq                               0x24000000   Data           1  stm32h7xx_hal.o(.data)
    uwTickPrio                               0x24000004   Data           4  stm32h7xx_hal.o(.data)
    uwTick                                   0x24000008   Data           4  stm32h7xx_hal.o(.data)
    SystemCoreClock                          0x2400000c   Data           4  system_stm32h7xx.o(.data)
    SystemD2Clock                            0x24000010   Data           4  system_stm32h7xx.o(.data)
    huart3                                   0x24000014   Data         148  usart.o(.bss)
    pFlash                                   0x240000a8   Data          28  stm32h7xx_hal_flash.o(.bss)
    __libspace_start                         0x24000100   Data          96  libspace.o(.bss)
    __temporary_stack_top$libspace           0x24000160   Data           0  libspace.o(.bss)



==============================================================================

Memory Map of the image

  Image Entry point : 0x08000299

  Load Region LR_IROM1 (Base: 0x08000000, Size: 0x00005404, Max: 0x00020000, ABSOLUTE)

    Execution Region RW_ITCMRAM (Exec base: 0x00000000, Load base: 0x08005404, Size: 0x00000000, Max: 0x00010000, ABSOLUTE)

    **** No section assigned to this execution region ****


    Execution Region ER_IROM1 (Exec base: 0x08000000, Load base: 0x08000000, Size: 0x000053f0, Max: 0x00020000, ABSOLUTE)

    Exec Addr    Load Addr    Size         Type   Attr      Idx    E Section Name        Object

    0x08000000   0x08000000   0x00000298   Data   RO            3    RESET               startup_stm32h743xx.o
    0x08000298   0x08000298   0x00000008   Code   RO         3759  * !!!main             c_w.l(__main.o)
    0x080002a0   0x080002a0   0x00000034   Code   RO         3943    !!!scatter          c_w.l(__scatter.o)
    0x080002d4   0x080002d4   0x0000001a   Code   RO         3945    !!handler_copy      c_w.l(__scatter_copy.o)
    0x080002ee   0x080002ee   0x00000002   PAD
    0x080002f0   0x080002f0   0x0000001c   Code   RO         3947    !!handler_zi        c_w.l(__scatter_zi.o)
    0x0800030c   0x0800030c   0x00000000   Code   RO         3746    .ARM.Collect$$_printf_percent$$00000000  c_w.l(_printf_percent.o)
    0x0800030c   0x0800030c   0x00000006   Code   RO         3745    .ARM.Collect$$_printf_percent$$0000000A  c_w.l(_printf_u.o)
    0x08000312   0x08000312   0x00000006   Code   RO         3744    .ARM.Collect$$_printf_percent$$0000000C  c_w.l(_printf_x.o)
    0x08000318   0x08000318   0x00000006   Code   RO         3743    .ARM.Collect$$_printf_percent$$00000014  c_w.l(_printf_s.o)
    0x0800031e   0x0800031e   0x00000004   Code   RO         3776    .ARM.Collect$$_printf_percent$$00000017  c_w.l(_printf_percent_end.o)
    0x08000322   0x08000322   0x00000002   Code   RO         3811    .ARM.Collect$$libinit$$00000000  c_w.l(libinit.o)
    0x08000324   0x08000324   0x00000004   Code   RO         3823    .ARM.Collect$$libinit$$00000001  c_w.l(libinit2.o)
    0x08000328   0x08000328   0x00000000   Code   RO         3826    .ARM.Collect$$libinit$$00000004  c_w.l(libinit2.o)
    0x08000328   0x08000328   0x00000000   Code   RO         3829    .ARM.Collect$$libinit$$0000000A  c_w.l(libinit2.o)
    0x08000328   0x08000328   0x00000000   Code   RO         3831    .ARM.Collect$$libinit$$0000000C  c_w.l(libinit2.o)
    0x08000328   0x08000328   0x00000000   Code   RO         3833    .ARM.Collect$$libinit$$0000000E  c_w.l(libinit2.o)
    0x08000328   0x08000328   0x00000000   Code   RO         3836    .ARM.Collect$$libinit$$00000011  c_w.l(libinit2.o)
    0x08000328   0x08000328   0x00000000   Code   RO         3838    .ARM.Collect$$libinit$$00000013  c_w.l(libinit2.o)
    0x08000328   0x08000328   0x00000000   Code   RO         3840    .ARM.Collect$$libinit$$00000015  c_w.l(libinit2.o)
    0x08000328   0x08000328   0x00000000   Code   RO         3842    .ARM.Collect$$libinit$$00000017  c_w.l(libinit2.o)
    0x08000328   0x08000328   0x00000000   Code   RO         3844    .ARM.Collect$$libinit$$00000019  c_w.l(libinit2.o)
    0x08000328   0x08000328   0x00000000   Code   RO         3846    .ARM.Collect$$libinit$$0000001B  c_w.l(libinit2.o)
    0x08000328   0x08000328   0x00000000   Code   RO         3848    .ARM.Collect$$libinit$$0000001D  c_w.l(libinit2.o)
    0x08000328   0x08000328   0x00000000   Code   RO         3850    .ARM.Collect$$libinit$$0000001F  c_w.l(libinit2.o)
    0x08000328   0x08000328   0x00000000   Code   RO         3852    .ARM.Collect$$libinit$$00000021  c_w.l(libinit2.o)
    0x08000328   0x08000328   0x00000000   Code   RO         3854    .ARM.Collect$$libinit$$00000023  c_w.l(libinit2.o)
    0x08000328   0x08000328   0x00000000   Code   RO         3856    .ARM.Collect$$libinit$$00000025  c_w.l(libinit2.o)
    0x08000328   0x08000328   0x00000000   Code   RO         3860    .ARM.Collect$$libinit$$0000002C  c_w.l(libinit2.o)
    0x08000328   0x08000328   0x00000000   Code   RO         3862    .ARM.Collect$$libinit$$0000002E  c_w.l(libinit2.o)
    0x08000328   0x08000328   0x00000000   Code   RO         3864    .ARM.Collect$$libinit$$00000030  c_w.l(libinit2.o)
    0x08000328   0x08000328   0x00000000   Code   RO         3866    .ARM.Collect$$libinit$$00000032  c_w.l(libinit2.o)
    0x08000328   0x08000328   0x00000002   Code   RO         3867    .ARM.Collect$$libinit$$00000033  c_w.l(libinit2.o)
    0x0800032a   0x0800032a   0x00000002   Code   RO         3898    .ARM.Collect$$libshutdown$$00000000  c_w.l(libshutdown.o)
    0x0800032c   0x0800032c   0x00000000   Code   RO         3924    .ARM.Collect$$libshutdown$$00000002  c_w.l(libshutdown2.o)
    0x0800032c   0x0800032c   0x00000000   Code   RO         3926    .ARM.Collect$$libshutdown$$00000004  c_w.l(libshutdown2.o)
    0x0800032c   0x0800032c   0x00000000   Code   RO         3928    .ARM.Collect$$libshutdown$$00000006  c_w.l(libshutdown2.o)
    0x0800032c   0x0800032c   0x00000000   Code   RO         3931    .ARM.Collect$$libshutdown$$00000009  c_w.l(libshutdown2.o)
    0x0800032c   0x0800032c   0x00000000   Code   RO         3934    .ARM.Collect$$libshutdown$$0000000C  c_w.l(libshutdown2.o)
    0x0800032c   0x0800032c   0x00000000   Code   RO         3936    .ARM.Collect$$libshutdown$$0000000E  c_w.l(libshutdown2.o)
    0x0800032c   0x0800032c   0x00000000   Code   RO         3939    .ARM.Collect$$libshutdown$$00000011  c_w.l(libshutdown2.o)
    0x0800032c   0x0800032c   0x00000002   Code   RO         3940    .ARM.Collect$$libshutdown$$00000012  c_w.l(libshutdown2.o)
    0x0800032e   0x0800032e   0x00000000   Code   RO         3761    .ARM.Collect$$rtentry$$00000000  c_w.l(__rtentry.o)
    0x0800032e   0x0800032e   0x00000000   Code   RO         3780    .ARM.Collect$$rtentry$$00000002  c_w.l(__rtentry2.o)
    0x0800032e   0x0800032e   0x00000006   Code   RO         3792    .ARM.Collect$$rtentry$$00000004  c_w.l(__rtentry4.o)
    0x08000334   0x08000334   0x00000000   Code   RO         3782    .ARM.Collect$$rtentry$$00000009  c_w.l(__rtentry2.o)
    0x08000334   0x08000334   0x00000004   Code   RO         3783    .ARM.Collect$$rtentry$$0000000A  c_w.l(__rtentry2.o)
    0x08000338   0x08000338   0x00000000   Code   RO         3785    .ARM.Collect$$rtentry$$0000000C  c_w.l(__rtentry2.o)
    0x08000338   0x08000338   0x00000008   Code   RO         3786    .ARM.Collect$$rtentry$$0000000D  c_w.l(__rtentry2.o)
    0x08000340   0x08000340   0x00000002   Code   RO         3815    .ARM.Collect$$rtexit$$00000000  c_w.l(rtexit.o)
    0x08000342   0x08000342   0x00000000   Code   RO         3871    .ARM.Collect$$rtexit$$00000002  c_w.l(rtexit2.o)
    0x08000342   0x08000342   0x00000004   Code   RO         3872    .ARM.Collect$$rtexit$$00000003  c_w.l(rtexit2.o)
    0x08000346   0x08000346   0x00000006   Code   RO         3873    .ARM.Collect$$rtexit$$00000004  c_w.l(rtexit2.o)
    0x0800034c   0x0800034c   0x00000048   Code   RO            4    .text               startup_stm32h743xx.o
    0x08000394   0x08000394   0x000000ee   Code   RO         3688    .text               c_w.l(lludivv7m.o)
    0x08000482   0x08000482   0x00000002   PAD
    0x08000484   0x08000484   0x00000034   Code   RO         3692    .text               c_w.l(noretval__2snprintf.o)
    0x080004b8   0x080004b8   0x0000004e   Code   RO         3696    .text               c_w.l(_printf_pad.o)
    0x08000506   0x08000506   0x00000052   Code   RO         3698    .text               c_w.l(_printf_str.o)
    0x08000558   0x08000558   0x00000078   Code   RO         3700    .text               c_w.l(_printf_dec.o)
    0x080005d0   0x080005d0   0x00000058   Code   RO         3705    .text               c_w.l(_printf_hex_int.o)
    0x08000628   0x08000628   0x00000188   Code   RO         3740    .text               c_w.l(__printf_flags_ss_wp.o)
    0x080007b0   0x080007b0   0x0000003e   Code   RO         3747    .text               c_w.l(strlen.o)
    0x080007ee   0x080007ee   0x0000008a   Code   RO         3749    .text               c_w.l(rt_memcpy_v6.o)
    0x08000878   0x08000878   0x00000064   Code   RO         3751    .text               c_w.l(rt_memcpy_w.o)
    0x080008dc   0x080008dc   0x00000010   Code   RO         3753    .text               c_w.l(aeabi_memset.o)
    0x080008ec   0x080008ec   0x0000004e   Code   RO         3755    .text               c_w.l(rt_memclr_w.o)
    0x0800093a   0x0800093a   0x00000006   Code   RO         3757    .text               c_w.l(heapauxi.o)
    0x08000940   0x08000940   0x000000b2   Code   RO         3766    .text               c_w.l(_printf_intcommon.o)
    0x080009f2   0x080009f2   0x00000002   PAD
    0x080009f4   0x080009f4   0x00000030   Code   RO         3768    .text               c_w.l(_printf_char_common.o)
    0x08000a24   0x08000a24   0x0000000a   Code   RO         3770    .text               c_w.l(_sputc.o)
    0x08000a2e   0x08000a2e   0x00000010   Code   RO         3772    .text               c_w.l(_snputc.o)
    0x08000a3e   0x08000a3e   0x0000002c   Code   RO         3774    .text               c_w.l(_printf_char.o)
    0x08000a6a   0x08000a6a   0x00000044   Code   RO         3777    .text               c_w.l(rt_memclr.o)
    0x08000aae   0x08000aae   0x0000004a   Code   RO         3798    .text               c_w.l(sys_stackheap_outer.o)
    0x08000af8   0x08000af8   0x00000012   Code   RO         3800    .text               c_w.l(exit.o)
    0x08000b0a   0x08000b0a   0x00000002   PAD
    0x08000b0c   0x08000b0c   0x00000008   Code   RO         3812    .text               c_w.l(libspace.o)
    0x08000b14   0x08000b14   0x0000000c   Code   RO         3868    .text               c_w.l(sys_exit.o)
    0x08000b20   0x08000b20   0x00000002   Code   RO         3887    .text               c_w.l(use_no_semi.o)
    0x08000b22   0x08000b22   0x00000000   Code   RO         3889    .text               c_w.l(indicate_semi.o)
    0x08000b22   0x08000b22   0x00000002   PAD
    0x08000b24   0x08000b24   0x00000090   Code   RO           13    i.Boot_ApplyPendingSwitch  main.o
    0x08000bb4   0x08000bb4   0x000000a4   Code   RO           14    i.Boot_EnterRecoveryMode  main.o
    0x08000c58   0x08000c58   0x0000002c   Code   RO           15    i.Boot_GetSlotName  main.o
    0x08000c84   0x08000c84   0x00000168   Code   RO           16    i.Boot_InitMetadataDefaults  main.o
    0x08000dec   0x08000dec   0x0000002e   Code   RO           17    i.Boot_IsSlotBootable  main.o
    0x08000e1a   0x08000e1a   0x00000002   PAD
    0x08000e1c   0x08000e1c   0x00000028   Code   RO           18    i.Boot_LogHexValue  main.o
    0x08000e44   0x08000e44   0x00000016   Code   RO           19    i.Boot_LogImageSummary  main.o
    0x08000e5a   0x08000e5a   0x00000002   PAD
    0x08000e5c   0x08000e5c   0x00000090   Code   RO           20    i.Boot_LogMetadataState  main.o
    0x08000eec   0x08000eec   0x00000060   Code   RO           21    i.Boot_LogSlotState  main.o
    0x08000f4c   0x08000f4c   0x0000008c   Code   RO           22    i.Boot_SanitizeMetadata  main.o
    0x08000fd8   0x08000fd8   0x00000174   Code   RO           23    i.Boot_SelectTargetSlot  main.o
    0x0800114c   0x0800114c   0x00000014   Code   RO          323    i.BusFault_Handler  stm32h7xx_it.o
    0x08001160   0x08001160   0x00000002   Code   RO          324    i.DebugMon_Handler  stm32h7xx_it.o
    0x08001162   0x08001162   0x00000004   Code   RO           24    i.Error_Handler     main.o
    0x08001166   0x08001166   0x00000002   PAD
    0x08001168   0x08001168   0x0000001c   Code   RO         3421    i.ExitRun0Mode      system_stm32h7xx.o
    0x08001184   0x08001184   0x00000040   Code   RO          984    i.FLASH_Erase_Sector  stm32h7xx_hal_flash_ex.o
    0x080011c4   0x080011c4   0x0000007c   Code   RO          985    i.FLASH_MassErase   stm32h7xx_hal_flash_ex.o
    0x08001240   0x08001240   0x000000cc   Code   RO          876    i.FLASH_WaitForLastOperation  stm32h7xx_hal_flash.o
    0x0800130c   0x0800130c   0x00000054   Code   RO          325    i.Fault_LogRegisters  stm32h7xx_it.o
    0x08001360   0x08001360   0x00000038   Code   RO         3464    i.FlashIf_CalculateCrc32  flash_if.o
    0x08001398   0x08001398   0x00000004   Code   RO         3465    i.FlashIf_CalculateFlashCrc32  flash_if.o
    0x0800139c   0x0800139c   0x00000040   Code   RO         3466    i.FlashIf_EraseMetadata  flash_if.o
    0x080013dc   0x080013dc   0x000000a4   Code   RO         3467    i.FlashIf_EraseSectors  flash_if.o
    0x08001480   0x08001480   0x000000ac   Code   RO         3468    i.FlashIf_EraseSlot  flash_if.o
    0x0800152c   0x0800152c   0x0000001c   Code   RO         3469    i.FlashIf_GetSlotAddress  flash_if.o
    0x08001548   0x08001548   0x00000014   Code   RO         3470    i.FlashIf_GetSlotSize  flash_if.o
    0x0800155c   0x0800155c   0x00000048   Code   RO         3471    i.FlashIf_IsApplicationValid  flash_if.o
    0x080015a4   0x080015a4   0x000000d0   Code   RO         3472    i.FlashIf_WriteBuffer  flash_if.o
    0x08001674   0x08001674   0x00000078   Code   RO         1943    i.HAL_DeInit        stm32h7xx_hal.o
    0x080016ec   0x080016ec   0x00000024   Code   RO         1944    i.HAL_Delay         stm32h7xx_hal.o
    0x08001710   0x08001710   0x00000114   Code   RO          988    i.HAL_FLASHEx_Erase  stm32h7xx_hal_flash_ex.o
    0x08001824   0x08001824   0x00000030   Code   RO          880    i.HAL_FLASH_Lock    stm32h7xx_hal_flash.o
    0x08001854   0x08001854   0x000000c0   Code   RO          885    i.HAL_FLASH_Program  stm32h7xx_hal_flash.o
    0x08001914   0x08001914   0x00000044   Code   RO          887    i.HAL_FLASH_Unlock  stm32h7xx_hal_flash.o
    0x08001958   0x08001958   0x00000170   Code   RO         1080    i.HAL_GPIO_DeInit   stm32h7xx_hal_gpio.o
    0x08001ac8   0x08001ac8   0x0000022c   Code   RO         1083    i.HAL_GPIO_Init     stm32h7xx_hal_gpio.o
    0x08001cf4   0x08001cf4   0x00000010   Code   RO         1086    i.HAL_GPIO_TogglePin  stm32h7xx_hal_gpio.o
    0x08001d04   0x08001d04   0x0000000a   Code   RO         1087    i.HAL_GPIO_WritePin  stm32h7xx_hal_gpio.o
    0x08001d0e   0x08001d0e   0x00000002   PAD
    0x08001d10   0x08001d10   0x0000000c   Code   RO         1955    i.HAL_GetREVID      stm32h7xx_hal.o
    0x08001d1c   0x08001d1c   0x0000000c   Code   RO         1956    i.HAL_GetTick       stm32h7xx_hal.o
    0x08001d28   0x08001d28   0x00000010   Code   RO         1962    i.HAL_IncTick       stm32h7xx_hal.o
    0x08001d38   0x08001d38   0x0000005c   Code   RO         1963    i.HAL_Init          stm32h7xx_hal.o
    0x08001d94   0x08001d94   0x00000040   Code   RO         1964    i.HAL_InitTick      stm32h7xx_hal.o
    0x08001dd4   0x08001dd4   0x0000005c   Code   RO          436    i.HAL_MPU_ConfigRegion  stm32h7xx_hal_cortex.o
    0x08001e30   0x08001e30   0x0000001c   Code   RO          437    i.HAL_MPU_Disable   stm32h7xx_hal_cortex.o
    0x08001e4c   0x08001e4c   0x00000024   Code   RO          439    i.HAL_MPU_Enable    stm32h7xx_hal_cortex.o
    0x08001e70   0x08001e70   0x00000002   Code   RO         1965    i.HAL_MspDeInit     stm32h7xx_hal.o
    0x08001e72   0x08001e72   0x00000002   PAD
    0x08001e74   0x08001e74   0x0000001c   Code   RO          411    i.HAL_MspInit       stm32h7xx_hal_msp.o
    0x08001e90   0x08001e90   0x00000040   Code   RO          449    i.HAL_NVIC_SetPriority  stm32h7xx_hal_cortex.o
    0x08001ed0   0x08001ed0   0x00000024   Code   RO          450    i.HAL_NVIC_SetPriorityGrouping  stm32h7xx_hal_cortex.o
    0x08001ef4   0x08001ef4   0x00000054   Code   RO         1684    i.HAL_PWREx_ConfigSupply  stm32h7xx_hal_pwr_ex.o
    0x08001f48   0x08001f48   0x00000024   Code   RO          704    i.HAL_RCCEx_GetD3PCLK1Freq  stm32h7xx_hal_rcc_ex.o
    0x08001f6c   0x08001f6c   0x00000144   Code   RO          706    i.HAL_RCCEx_GetPLL2ClockFreq  stm32h7xx_hal_rcc_ex.o
    0x080020b0   0x080020b0   0x00000144   Code   RO          707    i.HAL_RCCEx_GetPLL3ClockFreq  stm32h7xx_hal_rcc_ex.o
    0x080021f4   0x080021f4   0x000009ac   Code   RO          713    i.HAL_RCCEx_PeriphCLKConfig  stm32h7xx_hal_rcc_ex.o
    0x08002ba0   0x08002ba0   0x0000025c   Code   RO          589    i.HAL_RCC_ClockConfig  stm32h7xx_hal_rcc.o
    0x08002dfc   0x08002dfc   0x000001f0   Code   RO          590    i.HAL_RCC_DeInit    stm32h7xx_hal_rcc.o
    0x08002fec   0x08002fec   0x00000044   Code   RO          594    i.HAL_RCC_GetHCLKFreq  stm32h7xx_hal_rcc.o
    0x08003030   0x08003030   0x00000024   Code   RO          596    i.HAL_RCC_GetPCLK1Freq  stm32h7xx_hal_rcc.o
    0x08003054   0x08003054   0x00000024   Code   RO          597    i.HAL_RCC_GetPCLK2Freq  stm32h7xx_hal_rcc.o
    0x08003078   0x08003078   0x00000138   Code   RO          598    i.HAL_RCC_GetSysClockFreq  stm32h7xx_hal_rcc.o
    0x080031b0   0x080031b0   0x00000582   Code   RO          601    i.HAL_RCC_OscConfig  stm32h7xx_hal_rcc.o
    0x08003732   0x08003732   0x00000026   Code   RO          454    i.HAL_SYSTICK_Config  stm32h7xx_hal_cortex.o
    0x08003758   0x08003758   0x00000040   Code   RO         3303    i.HAL_UARTEx_DisableFifoMode  stm32h7xx_hal_uart_ex.o
    0x08003798   0x08003798   0x0000004c   Code   RO         3312    i.HAL_UARTEx_SetRxFifoThreshold  stm32h7xx_hal_uart_ex.o
    0x080037e4   0x080037e4   0x0000004c   Code   RO         3313    i.HAL_UARTEx_SetTxFifoThreshold  stm32h7xx_hal_uart_ex.o
    0x08003830   0x08003830   0x00000046   Code   RO         2905    i.HAL_UART_DeInit   stm32h7xx_hal_uart.o
    0x08003876   0x08003876   0x0000006a   Code   RO         2912    i.HAL_UART_Init     stm32h7xx_hal_uart.o
    0x080038e0   0x080038e0   0x0000002c   Code   RO          281    i.HAL_UART_MspDeInit  usart.o
    0x0800390c   0x0800390c   0x00000088   Code   RO          282    i.HAL_UART_MspInit  usart.o
    0x08003994   0x08003994   0x000000e8   Code   RO         2915    i.HAL_UART_Receive  stm32h7xx_hal_uart.o
    0x08003a7c   0x08003a7c   0x000000b0   Code   RO         2921    i.HAL_UART_Transmit  stm32h7xx_hal_uart.o
    0x08003b2c   0x08003b2c   0x00000014   Code   RO          326    i.HardFault_Handler  stm32h7xx_it.o
    0x08003b40   0x08003b40   0x000000a8   Code   RO           25    i.MPU_Config        main.o
    0x08003be8   0x08003be8   0x000000a8   Code   RO          250    i.MX_GPIO_Init      gpio.o
    0x08003c90   0x08003c90   0x00000068   Code   RO          283    i.MX_USART3_UART_Init  usart.o
    0x08003cf8   0x08003cf8   0x00000014   Code   RO          327    i.MemManage_Handler  stm32h7xx_it.o
    0x08003d0c   0x08003d0c   0x00000002   Code   RO          328    i.NMI_Handler       stm32h7xx_it.o
    0x08003d0e   0x08003d0e   0x00000006   Code   RO         3540    i.OtaMetadata_CalculateRecordCrc  ota_metadata.o
    0x08003d14   0x08003d14   0x0000003c   Code   RO         3541    i.OtaMetadata_CreateDefault  ota_metadata.o
    0x08003d50   0x08003d50   0x00000018   Code   RO         3542    i.OtaMetadata_IsSlotMarkedValid  ota_metadata.o
    0x08003d68   0x08003d68   0x000000d8   Code   RO         3543    i.OtaMetadata_Load  ota_metadata.o
    0x08003e40   0x08003e40   0x00000038   Code   RO         3544    i.OtaMetadata_LogSaveState  ota_metadata.o
    0x08003e78   0x08003e78   0x00000080   Code   RO         3545    i.OtaMetadata_Save  ota_metadata.o
    0x08003ef8   0x08003ef8   0x0000001c   Code   RO         3546    i.OtaMetadata_SelectBootSlot  ota_metadata.o
    0x08003f14   0x08003f14   0x00000024   Code   RO         3547    i.OtaMetadata_UpdateSlotInfo  ota_metadata.o
    0x08003f38   0x08003f38   0x0000007a   Code   RO         3609    i.OtaProtocol_HandleData  ota_protocol.o
    0x08003fb2   0x08003fb2   0x00000002   PAD
    0x08003fb4   0x08003fb4   0x00000114   Code   RO         3610    i.OtaProtocol_HandleFinish  ota_protocol.o
    0x080040c8   0x080040c8   0x00000108   Code   RO         3611    i.OtaProtocol_HandleStart  ota_protocol.o
    0x080041d0   0x080041d0   0x000001b0   Code   RO         3612    i.OtaProtocol_RunSession  ota_protocol.o
    0x08004380   0x08004380   0x00000050   Code   RO         3613    i.OtaProtocol_SendResponse  ota_protocol.o
    0x080043d0   0x080043d0   0x00000002   Code   RO          329    i.PendSV_Handler    stm32h7xx_it.o
    0x080043d2   0x080043d2   0x00000002   PAD
    0x080043d4   0x080043d4   0x00000120   Code   RO          716    i.RCCEx_PLL2_Config  stm32h7xx_hal_rcc_ex.o
    0x080044f4   0x080044f4   0x00000120   Code   RO          717    i.RCCEx_PLL3_Config  stm32h7xx_hal_rcc_ex.o
    0x08004614   0x08004614   0x00000002   Code   RO          330    i.SVC_Handler       stm32h7xx_it.o
    0x08004616   0x08004616   0x00000004   Code   RO          331    i.SysTick_Handler   stm32h7xx_it.o
    0x0800461a   0x0800461a   0x00000002   PAD
    0x0800461c   0x0800461c   0x000000a8   Code   RO           26    i.SystemClock_Config  main.o
    0x080046c4   0x080046c4   0x000000f8   Code   RO         3423    i.SystemInit        system_stm32h7xx.o
    0x080047bc   0x080047bc   0x00000044   Code   RO         3317    i.UARTEx_SetNbDataToProcess  stm32h7xx_hal_uart_ex.o
    0x08004800   0x08004800   0x000000c8   Code   RO         2926    i.UART_AdvFeatureConfig  stm32h7xx_hal_uart.o
    0x080048c8   0x080048c8   0x000000aa   Code   RO         2927    i.UART_CheckIdleState  stm32h7xx_hal_uart.o
    0x08004972   0x08004972   0x00000002   PAD
    0x08004974   0x08004974   0x00000054   Code   RO         2938    i.UART_EndRxTransfer  stm32h7xx_hal_uart.o
    0x080049c8   0x080049c8   0x000003ac   Code   RO         2944    i.UART_SetConfig    stm32h7xx_hal_uart.o
    0x08004d74   0x08004d74   0x00000094   Code   RO         2951    i.UART_WaitOnFlagUntilTimeout  stm32h7xx_hal_uart.o
    0x08004e08   0x08004e08   0x00000018   Code   RO         3653    i.UartIf_ReceiveBuffer  uart_if.o
    0x08004e20   0x08004e20   0x0000001c   Code   RO         3654    i.UartIf_SendBuffer  uart_if.o
    0x08004e3c   0x08004e3c   0x0000001a   Code   RO         3655    i.UartIf_SendString  uart_if.o
    0x08004e56   0x08004e56   0x00000002   PAD
    0x08004e58   0x08004e58   0x00000014   Code   RO          332    i.UsageFault_Handler  stm32h7xx_it.o
    0x08004e6c   0x08004e6c   0x00000022   Code   RO          456    i.__NVIC_SetPriority  stm32h7xx_hal_cortex.o
    0x08004e8e   0x08004e8e   0x00000002   PAD
    0x08004e90   0x08004e90   0x00000024   Code   RO           27    i.__NVIC_SystemReset  main.o
    0x08004eb4   0x08004eb4   0x0000000e   Code   RO         3733    i._is_digit         c_w.l(__printf_wp.o)
    0x08004ec2   0x08004ec2   0x00000002   PAD
    0x08004ec4   0x08004ec4   0x000002f8   Code   RO           28    i.main              main.o
    0x080051bc   0x080051bc   0x0000000a   Code   RO         3883    x$fpl$fpinit        fz_wv.l(fpinit.o)
    0x080051c6   0x080051c6   0x00000018   Data   RO         2952    .constdata          stm32h7xx_hal_uart.o
    0x080051de   0x080051de   0x00000010   Data   RO         3318    .constdata          stm32h7xx_hal_uart_ex.o
    0x080051ee   0x080051ee   0x00000010   Data   RO         3424    .constdata          system_stm32h7xx.o
    0x080051fe   0x080051fe   0x00000028   Data   RO         3706    .constdata          c_w.l(_printf_hex_int.o)
    0x08005226   0x08005226   0x00000011   Data   RO         3741    .constdata          c_w.l(__printf_flags_ss_wp.o)
    0x08005237   0x08005237   0x00000001   PAD
    0x08005238   0x08005238   0x000000f7   Data   RO           29    .conststring        main.o
    0x0800532f   0x0800532f   0x00000001   PAD
    0x08005330   0x08005330   0x00000044   Data   RO          333    .conststring        stm32h7xx_it.o
    0x08005374   0x08005374   0x0000005b   Data   RO         3548    .conststring        ota_metadata.o
    0x080053cf   0x080053cf   0x00000001   PAD
    0x080053d0   0x080053d0   0x00000020   Data   RO         3941    Region$$Table       anon$$obj.o


    Execution Region RW_DTCMRAM (Exec base: 0x20000000, Load base: 0x080053f0, Size: 0x00000000, Max: 0x00020000, ABSOLUTE)

    **** No section assigned to this execution region ****


    Execution Region RW_RAM_AXI0 (Exec base: 0x24000000, Load base: 0x080053f0, Size: 0x00000760, Max: 0x00080000, ABSOLUTE)

    Exec Addr    Load Addr    Size         Type   Attr      Idx    E Section Name        Object

    0x24000000   0x080053f0   0x0000000c   Data   RW         1985    .data               stm32h7xx_hal.o
    0x2400000c   0x080053fc   0x00000008   Data   RW         3425    .data               system_stm32h7xx.o
    0x24000014        -       0x00000094   Zero   RW          284    .bss                usart.o
    0x240000a8        -       0x0000001c   Zero   RW          888    .bss                stm32h7xx_hal_flash.o
    0x240000c4   0x08005404   0x0000001c   PAD
    0x240000e0        -       0x00000020   Zero   RW         3473    .bss                flash_if.o
    0x24000100        -       0x00000060   Zero   RW         3813    .bss                c_w.l(libspace.o)
    0x24000160        -       0x00000200   Zero   RW            2    HEAP                startup_stm32h743xx.o
    0x24000360        -       0x00000400   Zero   RW            1    STACK               startup_stm32h743xx.o


    Execution Region RW_IRAM1 (Exec base: 0x30000000, Load base: 0x080053f0, Size: 0x00000000, Max: 0x00040000, ABSOLUTE)

    **** No section assigned to this execution region ****


    Execution Region RW_DMA_NOCACHE (Exec base: 0x30040000, Load base: 0x08005404, Size: 0x00000000, Max: 0x00008000, ABSOLUTE)

    **** No section assigned to this execution region ****


    Execution Region RW_RAM_D3 (Exec base: 0x38000000, Load base: 0x08005404, Size: 0x00000000, Max: 0x00010000, ABSOLUTE)

    **** No section assigned to this execution region ****


==============================================================================

Image component sizes


      Code (inc. data)   RO Data    RW Data    ZI Data      Debug   Object Name

       788        312          0          0         32       7953   flash_if.o
       168         14          0          0          0       1103   gpio.o
      2708       1132        247          0          0    1305671   main.o
       554        204         91          0          0       6144   ota_metadata.o
      1174        204          0          0          0       5973   ota_protocol.o
        72         30        664          0       1536        856   startup_stm32h743xx.o
       354         74          0         12          0      24789   stm32h7xx_hal.o
       328         28          0          0          0      41300   stm32h7xx_hal_cortex.o
       512         52          0          0         28      14850   stm32h7xx_hal_flash.o
       464         16          0          0          0       4417   stm32h7xx_hal_flash_ex.o
       950         94          0          0          0       3959   stm32h7xx_hal_gpio.o
        28          6          0          0          0        958   stm32h7xx_hal_msp.o
        84          6          0          0          0        797   stm32h7xx_hal_pwr_ex.o
      2962        144          0          0          0       8297   stm32h7xx_hal_rcc.o
      3736        118          0          0          0       7965   stm32h7xx_hal_rcc_ex.o
      2126        112         24          0          0      28971   stm32h7xx_hal_uart.o
       284          6         16          0          0       3869   stm32h7xx_hal_uart_ex.o
       176         62         68          0          0       5506   stm32h7xx_it.o
       276         48         16          8          0       2073   system_stm32h7xx.o
        78         10          0          0          0       2427   uart_if.o
       284         38          0          0        148       2511   usart.o

    ----------------------------------------------------------------------
     18128       2710       1160         20       1772    1480389   Object Totals
         0          0         32          0          0          0   (incl. Generated)
        22          0          2          0         28          0   (incl. Padding)

    ----------------------------------------------------------------------

      Code (inc. data)   RO Data    RW Data    ZI Data      Debug   Library Member Name

         8          0          0          0          0         68   __main.o
       392          4         17          0          0         92   __printf_flags_ss_wp.o
        14          0          0          0          0         68   __printf_wp.o
         0          0          0          0          0          0   __rtentry.o
        12          0          0          0          0          0   __rtentry2.o
         6          0          0          0          0          0   __rtentry4.o
        52          8          0          0          0          0   __scatter.o
        26          0          0          0          0          0   __scatter_copy.o
        28          0          0          0          0          0   __scatter_zi.o
        44          0          0          0          0        108   _printf_char.o
        48          6          0          0          0         96   _printf_char_common.o
       120         16          0          0          0         92   _printf_dec.o
        88          4         40          0          0         88   _printf_hex_int.o
       178          0          0          0          0         88   _printf_intcommon.o
        78          0          0          0          0        108   _printf_pad.o
         0          0          0          0          0          0   _printf_percent.o
         4          0          0          0          0          0   _printf_percent_end.o
         6          0          0          0          0          0   _printf_s.o
        82          0          0          0          0         80   _printf_str.o
         6          0          0          0          0          0   _printf_u.o
         6          0          0          0          0          0   _printf_x.o
        16          0          0          0          0         68   _snputc.o
        10          0          0          0          0         68   _sputc.o
        16          0          0          0          0         68   aeabi_memset.o
        18          0          0          0          0         80   exit.o
         6          0          0          0          0        152   heapauxi.o
         0          0          0          0          0          0   indicate_semi.o
         2          0          0          0          0          0   libinit.o
         6          0          0          0          0          0   libinit2.o
         2          0          0          0          0          0   libshutdown.o
         2          0          0          0          0          0   libshutdown2.o
         8          4          0          0         96         68   libspace.o
       238          0          0          0          0        100   lludivv7m.o
        52          4          0          0          0         84   noretval__2snprintf.o
        68          0          0          0          0         68   rt_memclr.o
        78          0          0          0          0         80   rt_memclr_w.o
       138          0          0          0          0         68   rt_memcpy_v6.o
       100          0          0          0          0         80   rt_memcpy_w.o
         2          0          0          0          0          0   rtexit.o
        10          0          0          0          0          0   rtexit2.o
        62          0          0          0          0         76   strlen.o
        12          4          0          0          0         68   sys_exit.o
        74          0          0          0          0         80   sys_stackheap_outer.o
         2          0          0          0          0         68   use_no_semi.o
        10          0          0          0          0        116   fpinit.o

    ----------------------------------------------------------------------
      2142         50         58          0         96       2280   Library Totals
        12          0          1          0          0          0   (incl. Padding)

    ----------------------------------------------------------------------

      Code (inc. data)   RO Data    RW Data    ZI Data      Debug   Library Name

      2120         50         57          0         96       2164   c_w.l
        10          0          0          0          0        116   fz_wv.l

    ----------------------------------------------------------------------
      2142         50         58          0         96       2280   Library Totals

    ----------------------------------------------------------------------

==============================================================================


      Code (inc. data)   RO Data    RW Data    ZI Data      Debug   

     20270       2760       1218         20       1868    1471425   Grand Totals
     20270       2760       1218         20       1868    1471425   ELF Image Totals
     20270       2760       1218         20          0          0   ROM Totals

==============================================================================

    Total RO  Size (Code + RO Data)                21488 (  20.98kB)
    Total RW  Size (RW Data + ZI Data)              1888 (   1.84kB)
    Total ROM Size (Code + RO Data + RW Data)      21508 (  21.00kB)

==============================================================================

